<?xml version="1.0" encoding="ISO-8859-1" ?>
<link_info>
   <banner>TI ARM Clang Linker PC v4.0.4.LTS</banner>
   <copyright>Copyright (c) 1996-2018 Texas Instruments Incorporated</copyright>
   <command_line>C:\ti\ccs2040\ccs\tools\compiler\ti-cgt-armllvm_4.0.4.LTS\bin\tiarmlnk -IC:\ti\ccs2040\ccs\tools\compiler\ti-cgt-armllvm_4.0.4.LTS\lib -o ECE319K_Lab9.out -mECE319K_Lab9.map --heap_size=512 --stack_size=512 -iC:/Users/Chess/OneDrive/Desktop/319K/MSPM0_ValvanoWare/ECE319K_Lab9/Debug/syscfg -iC:/ti/ccs2040/ccs/tools/compiler/ti-cgt-armllvm_4.0.4.LTS/lib --diag_wrap=off --display_error_number --warn_sections --xml_link_info=ECE319K_Lab9_linkInfo.xml --rom_model ./ADC1.o ./Arabic.o ./Clock.o ./DAC5.o ./FIFO1.o ./GameController.o ./LED.o ./Lab9Main.o ./LaunchPad.o ./SPI.o ./ST7735.o ./SmallFont.o ./Sound.o ./Switch.o ./TExaS.o ./Timer.o ./images.o ./images/pipedreams/PipeSound.o ./ticlang/startup_mspm0g3507_ticlang.o ../mspm0g3507.cmd -lC:/ti/mspm0_sdk_2_09_00_01/source/ti/driverlib/lib/ticlang/m0p/mspm0g1x0x_g3x0x/driverlib.a -llibc.a --start-group -llibc++.a -llibc++abi.a -llibc.a -llibsys.a -llibsysbm.a -llibclang_rt.builtins.a -llibclang_rt.profile.a --end-group --cg_opt_level=0</command_line>
   <link_time>0x69e6b0fc</link_time>
   <link_errors>0x0</link_errors>
   <output_file>C:\Users\Chess\OneDrive\Desktop\319K\MSPM0_ValvanoWare\ECE319K_Lab9\Debug\ECE319K_Lab9.out</output_file>
   <entry_point>
      <name>_c_int00_noargs</name>
      <address>0x4fb9</address>
   </entry_point>
   <input_file_list>
      <input_file id="fl-1">
         <path>C:\Users\Chess\OneDrive\Desktop\319K\MSPM0_ValvanoWare\ECE319K_Lab9\Debug\.\</path>
         <kind>object</kind>
         <file>ADC1.o</file>
         <name>ADC1.o</name>
      </input_file>
      <input_file id="fl-2">
         <path>C:\Users\Chess\OneDrive\Desktop\319K\MSPM0_ValvanoWare\ECE319K_Lab9\Debug\.\</path>
         <kind>object</kind>
         <file>Arabic.o</file>
         <name>Arabic.o</name>
      </input_file>
      <input_file id="fl-3">
         <path>C:\Users\Chess\OneDrive\Desktop\319K\MSPM0_ValvanoWare\ECE319K_Lab9\Debug\.\</path>
         <kind>object</kind>
         <file>Clock.o</file>
         <name>Clock.o</name>
      </input_file>
      <input_file id="fl-4">
         <path>C:\Users\Chess\OneDrive\Desktop\319K\MSPM0_ValvanoWare\ECE319K_Lab9\Debug\.\</path>
         <kind>object</kind>
         <file>DAC5.o</file>
         <name>DAC5.o</name>
      </input_file>
      <input_file id="fl-5">
         <path>C:\Users\Chess\OneDrive\Desktop\319K\MSPM0_ValvanoWare\ECE319K_Lab9\Debug\.\</path>
         <kind>object</kind>
         <file>FIFO1.o</file>
         <name>FIFO1.o</name>
      </input_file>
      <input_file id="fl-6">
         <path>C:\Users\Chess\OneDrive\Desktop\319K\MSPM0_ValvanoWare\ECE319K_Lab9\Debug\.\</path>
         <kind>object</kind>
         <file>GameController.o</file>
         <name>GameController.o</name>
      </input_file>
      <input_file id="fl-7">
         <path>C:\Users\Chess\OneDrive\Desktop\319K\MSPM0_ValvanoWare\ECE319K_Lab9\Debug\.\</path>
         <kind>object</kind>
         <file>LED.o</file>
         <name>LED.o</name>
      </input_file>
      <input_file id="fl-8">
         <path>C:\Users\Chess\OneDrive\Desktop\319K\MSPM0_ValvanoWare\ECE319K_Lab9\Debug\.\</path>
         <kind>object</kind>
         <file>Lab9Main.o</file>
         <name>Lab9Main.o</name>
      </input_file>
      <input_file id="fl-9">
         <path>C:\Users\Chess\OneDrive\Desktop\319K\MSPM0_ValvanoWare\ECE319K_Lab9\Debug\.\</path>
         <kind>object</kind>
         <file>LaunchPad.o</file>
         <name>LaunchPad.o</name>
      </input_file>
      <input_file id="fl-a">
         <path>C:\Users\Chess\OneDrive\Desktop\319K\MSPM0_ValvanoWare\ECE319K_Lab9\Debug\.\</path>
         <kind>object</kind>
         <file>SPI.o</file>
         <name>SPI.o</name>
      </input_file>
      <input_file id="fl-b">
         <path>C:\Users\Chess\OneDrive\Desktop\319K\MSPM0_ValvanoWare\ECE319K_Lab9\Debug\.\</path>
         <kind>object</kind>
         <file>ST7735.o</file>
         <name>ST7735.o</name>
      </input_file>
      <input_file id="fl-c">
         <path>C:\Users\Chess\OneDrive\Desktop\319K\MSPM0_ValvanoWare\ECE319K_Lab9\Debug\.\</path>
         <kind>object</kind>
         <file>SmallFont.o</file>
         <name>SmallFont.o</name>
      </input_file>
      <input_file id="fl-d">
         <path>C:\Users\Chess\OneDrive\Desktop\319K\MSPM0_ValvanoWare\ECE319K_Lab9\Debug\.\</path>
         <kind>object</kind>
         <file>Sound.o</file>
         <name>Sound.o</name>
      </input_file>
      <input_file id="fl-e">
         <path>C:\Users\Chess\OneDrive\Desktop\319K\MSPM0_ValvanoWare\ECE319K_Lab9\Debug\.\</path>
         <kind>object</kind>
         <file>Switch.o</file>
         <name>Switch.o</name>
      </input_file>
      <input_file id="fl-f">
         <path>C:\Users\Chess\OneDrive\Desktop\319K\MSPM0_ValvanoWare\ECE319K_Lab9\Debug\.\</path>
         <kind>object</kind>
         <file>TExaS.o</file>
         <name>TExaS.o</name>
      </input_file>
      <input_file id="fl-10">
         <path>C:\Users\Chess\OneDrive\Desktop\319K\MSPM0_ValvanoWare\ECE319K_Lab9\Debug\.\</path>
         <kind>object</kind>
         <file>Timer.o</file>
         <name>Timer.o</name>
      </input_file>
      <input_file id="fl-11">
         <path>C:\Users\Chess\OneDrive\Desktop\319K\MSPM0_ValvanoWare\ECE319K_Lab9\Debug\.\</path>
         <kind>object</kind>
         <file>images.o</file>
         <name>images.o</name>
      </input_file>
      <input_file id="fl-12">
         <path>C:\Users\Chess\OneDrive\Desktop\319K\MSPM0_ValvanoWare\ECE319K_Lab9\Debug\.\images\pipedreams\</path>
         <kind>object</kind>
         <file>PipeSound.o</file>
         <name>PipeSound.o</name>
      </input_file>
      <input_file id="fl-13">
         <path>C:\Users\Chess\OneDrive\Desktop\319K\MSPM0_ValvanoWare\ECE319K_Lab9\Debug\.\ticlang\</path>
         <kind>object</kind>
         <file>startup_mspm0g3507_ticlang.o</file>
         <name>startup_mspm0g3507_ticlang.o</name>
      </input_file>
      <input_file id="fl-1f">
         <path>C:\Users\Chess\OneDrive\Desktop\319K\MSPM0_ValvanoWare\ECE319K_Lab9\Debug\</path>
         <kind>object</kind>
         <file>&lt;internal&gt;</file>
         <name>&lt;internal&gt;</name>
      </input_file>
      <input_file id="fl-36">
         <path>C:\ti\ccs2040\ccs\tools\compiler\ti-cgt-armllvm_4.0.4.LTS\lib\armv6m-ti-none-eabi\c\</path>
         <kind>archive</kind>
         <file>libc.a</file>
         <name>printf.c.obj</name>
      </input_file>
      <input_file id="fl-37">
         <path>C:\ti\ccs2040\ccs\tools\compiler\ti-cgt-armllvm_4.0.4.LTS\lib\armv6m-ti-none-eabi\c\</path>
         <kind>archive</kind>
         <file>libc.a</file>
         <name>_printfi.c.obj</name>
      </input_file>
      <input_file id="fl-38">
         <path>C:\ti\ccs2040\ccs\tools\compiler\ti-cgt-armllvm_4.0.4.LTS\lib\armv6m-ti-none-eabi\c\</path>
         <kind>archive</kind>
         <file>libc.a</file>
         <name>fopen.c.obj</name>
      </input_file>
      <input_file id="fl-39">
         <path>C:\ti\ccs2040\ccs\tools\compiler\ti-cgt-armllvm_4.0.4.LTS\lib\armv6m-ti-none-eabi\c\</path>
         <kind>archive</kind>
         <file>libc.a</file>
         <name>fputc.c.obj</name>
      </input_file>
      <input_file id="fl-3a">
         <path>C:\ti\ccs2040\ccs\tools\compiler\ti-cgt-armllvm_4.0.4.LTS\lib\armv6m-ti-none-eabi\c\</path>
         <kind>archive</kind>
         <file>libc.a</file>
         <name>fputs.c.obj</name>
      </input_file>
      <input_file id="fl-3b">
         <path>C:\ti\ccs2040\ccs\tools\compiler\ti-cgt-armllvm_4.0.4.LTS\lib\armv6m-ti-none-eabi\c\</path>
         <kind>archive</kind>
         <file>libc.a</file>
         <name>_io_perm.c.obj</name>
      </input_file>
      <input_file id="fl-3c">
         <path>C:\ti\ccs2040\ccs\tools\compiler\ti-cgt-armllvm_4.0.4.LTS\lib\armv6m-ti-none-eabi\c\</path>
         <kind>archive</kind>
         <file>libc.a</file>
         <name>setvbuf.c.obj</name>
      </input_file>
      <input_file id="fl-3d">
         <path>C:\ti\ccs2040\ccs\tools\compiler\ti-cgt-armllvm_4.0.4.LTS\lib\armv6m-ti-none-eabi\c\</path>
         <kind>archive</kind>
         <file>libc.a</file>
         <name>aeabi_portable.c.obj</name>
      </input_file>
      <input_file id="fl-3e">
         <path>C:\ti\ccs2040\ccs\tools\compiler\ti-cgt-armllvm_4.0.4.LTS\lib\armv6m-ti-none-eabi\c\</path>
         <kind>archive</kind>
         <file>libc.a</file>
         <name>exit.c.obj</name>
      </input_file>
      <input_file id="fl-3f">
         <path>C:\ti\ccs2040\ccs\tools\compiler\ti-cgt-armllvm_4.0.4.LTS\lib\armv6m-ti-none-eabi\c\</path>
         <kind>archive</kind>
         <file>libc.a</file>
         <name>_lock.c.obj</name>
      </input_file>
      <input_file id="fl-40">
         <path>C:\ti\ccs2040\ccs\tools\compiler\ti-cgt-armllvm_4.0.4.LTS\lib\armv6m-ti-none-eabi\c\</path>
         <kind>archive</kind>
         <file>libc.a</file>
         <name>_ltoa.c.obj</name>
      </input_file>
      <input_file id="fl-41">
         <path>C:\ti\ccs2040\ccs\tools\compiler\ti-cgt-armllvm_4.0.4.LTS\lib\armv6m-ti-none-eabi\c\</path>
         <kind>archive</kind>
         <file>libc.a</file>
         <name>assert.c.obj</name>
      </input_file>
      <input_file id="fl-42">
         <path>C:\ti\ccs2040\ccs\tools\compiler\ti-cgt-armllvm_4.0.4.LTS\lib\armv6m-ti-none-eabi\c\</path>
         <kind>archive</kind>
         <file>libc.a</file>
         <name>atoi.c.obj</name>
      </input_file>
      <input_file id="fl-43">
         <path>C:\ti\ccs2040\ccs\tools\compiler\ti-cgt-armllvm_4.0.4.LTS\lib\armv6m-ti-none-eabi\c\</path>
         <kind>archive</kind>
         <file>libc.a</file>
         <name>defs.c.obj</name>
      </input_file>
      <input_file id="fl-44">
         <path>C:\ti\ccs2040\ccs\tools\compiler\ti-cgt-armllvm_4.0.4.LTS\lib\armv6m-ti-none-eabi\c\</path>
         <kind>archive</kind>
         <file>libc.a</file>
         <name>memccpy.c.obj</name>
      </input_file>
      <input_file id="fl-45">
         <path>C:\ti\ccs2040\ccs\tools\compiler\ti-cgt-armllvm_4.0.4.LTS\lib\armv6m-ti-none-eabi\c\</path>
         <kind>archive</kind>
         <file>libc.a</file>
         <name>memory.c.obj</name>
      </input_file>
      <input_file id="fl-46">
         <path>C:\ti\ccs2040\ccs\tools\compiler\ti-cgt-armllvm_4.0.4.LTS\lib\armv6m-ti-none-eabi\c\</path>
         <kind>archive</kind>
         <file>libc.a</file>
         <name>boot_cortex_m.c.obj</name>
      </input_file>
      <input_file id="fl-47">
         <path>C:\ti\ccs2040\ccs\tools\compiler\ti-cgt-armllvm_4.0.4.LTS\lib\armv6m-ti-none-eabi\c\</path>
         <kind>archive</kind>
         <file>libc.a</file>
         <name>mathacl_init.c.obj</name>
      </input_file>
      <input_file id="fl-48">
         <path>C:\ti\ccs2040\ccs\tools\compiler\ti-cgt-armllvm_4.0.4.LTS\lib\armv6m-ti-none-eabi\c\</path>
         <kind>archive</kind>
         <file>libc.a</file>
         <name>autoinit.c.obj</name>
      </input_file>
      <input_file id="fl-49">
         <path>C:\ti\ccs2040\ccs\tools\compiler\ti-cgt-armllvm_4.0.4.LTS\lib\armv6m-ti-none-eabi\c\</path>
         <kind>archive</kind>
         <file>libc.a</file>
         <name>pre_init.c.obj</name>
      </input_file>
      <input_file id="fl-4a">
         <path>C:\ti\ccs2040\ccs\tools\compiler\ti-cgt-armllvm_4.0.4.LTS\lib\armv6m-ti-none-eabi\c\</path>
         <kind>archive</kind>
         <file>libc.a</file>
         <name>cpy_tbl.c.obj</name>
      </input_file>
      <input_file id="fl-4b">
         <path>C:\ti\ccs2040\ccs\tools\compiler\ti-cgt-armllvm_4.0.4.LTS\lib\armv6m-ti-none-eabi\c\</path>
         <kind>archive</kind>
         <file>libc.a</file>
         <name>copy_zero_init.c.obj</name>
      </input_file>
      <input_file id="fl-4c">
         <path>C:\ti\ccs2040\ccs\tools\compiler\ti-cgt-armllvm_4.0.4.LTS\lib\armv6m-ti-none-eabi\c\</path>
         <kind>archive</kind>
         <file>libc.a</file>
         <name>copy_decompress_none.c.obj</name>
      </input_file>
      <input_file id="fl-4d">
         <path>C:\ti\ccs2040\ccs\tools\compiler\ti-cgt-armllvm_4.0.4.LTS\lib\armv6m-ti-none-eabi\c\</path>
         <kind>archive</kind>
         <file>libc.a</file>
         <name>copy_decompress_lzss.c.obj</name>
      </input_file>
      <input_file id="fl-4e">
         <path>C:\ti\ccs2040\ccs\tools\compiler\ti-cgt-armllvm_4.0.4.LTS\lib\armv6m-ti-none-eabi\c\</path>
         <kind>archive</kind>
         <file>libc.a</file>
         <name>s_frexp.c.obj</name>
      </input_file>
      <input_file id="fl-4f">
         <path>C:\ti\ccs2040\ccs\tools\compiler\ti-cgt-armllvm_4.0.4.LTS\lib\armv6m-ti-none-eabi\c\</path>
         <kind>archive</kind>
         <file>libc.a</file>
         <name>s_scalbn.c.obj</name>
      </input_file>
      <input_file id="fl-50">
         <path>C:\ti\ccs2040\ccs\tools\compiler\ti-cgt-armllvm_4.0.4.LTS\lib\armv6m-ti-none-eabi\c\</path>
         <kind>archive</kind>
         <file>libc.a</file>
         <name>wcslen.c.obj</name>
      </input_file>
      <input_file id="fl-51">
         <path>C:\ti\ccs2040\ccs\tools\compiler\ti-cgt-armllvm_4.0.4.LTS\lib\armv6m-ti-none-eabi\c\</path>
         <kind>archive</kind>
         <file>libc.a</file>
         <name>sprintf.c.obj</name>
      </input_file>
      <input_file id="fl-52">
         <path>C:\ti\ccs2040\ccs\tools\compiler\ti-cgt-armllvm_4.0.4.LTS\lib\armv6m-ti-none-eabi\c\</path>
         <kind>archive</kind>
         <file>libc.a</file>
         <name>fclose.c.obj</name>
      </input_file>
      <input_file id="fl-53">
         <path>C:\ti\ccs2040\ccs\tools\compiler\ti-cgt-armllvm_4.0.4.LTS\lib\armv6m-ti-none-eabi\c\</path>
         <kind>archive</kind>
         <file>libc.a</file>
         <name>fflush.c.obj</name>
      </input_file>
      <input_file id="fl-54">
         <path>C:\ti\ccs2040\ccs\tools\compiler\ti-cgt-armllvm_4.0.4.LTS\lib\armv6m-ti-none-eabi\c\</path>
         <kind>archive</kind>
         <file>libc.a</file>
         <name>fseek.c.obj</name>
      </input_file>
      <input_file id="fl-55">
         <path>C:\ti\ccs2040\ccs\tools\compiler\ti-cgt-armllvm_4.0.4.LTS\lib\armv6m-ti-none-eabi\c\</path>
         <kind>archive</kind>
         <file>libc.a</file>
         <name>aeabi_ctype.S.obj</name>
      </input_file>
      <input_file id="fl-56">
         <path>C:\ti\ccs2040\ccs\tools\compiler\ti-cgt-armllvm_4.0.4.LTS\lib\armv6m-ti-none-eabi\c\</path>
         <kind>archive</kind>
         <file>libc.a</file>
         <name>args_main.c.obj</name>
      </input_file>
      <input_file id="fl-f6">
         <path>C:\ti\ccs2040\ccs\tools\compiler\ti-cgt-armllvm_4.0.4.LTS\lib\armv6m-ti-none-eabi\c\</path>
         <kind>archive</kind>
         <file>libsysbm.a</file>
         <name>hostexit.c.obj</name>
      </input_file>
      <input_file id="fl-f7">
         <path>C:\ti\ccs2040\ccs\tools\compiler\ti-cgt-armllvm_4.0.4.LTS\lib\armv6m-ti-none-eabi\c\</path>
         <kind>archive</kind>
         <file>libsysbm.a</file>
         <name>write.c.obj</name>
      </input_file>
      <input_file id="fl-f8">
         <path>C:\ti\ccs2040\ccs\tools\compiler\ti-cgt-armllvm_4.0.4.LTS\lib\armv6m-ti-none-eabi\c\</path>
         <kind>archive</kind>
         <file>libsysbm.a</file>
         <name>host_device.c.obj</name>
      </input_file>
      <input_file id="fl-f9">
         <path>C:\ti\ccs2040\ccs\tools\compiler\ti-cgt-armllvm_4.0.4.LTS\lib\armv6m-ti-none-eabi\c\</path>
         <kind>archive</kind>
         <file>libsysbm.a</file>
         <name>remove.c.obj</name>
      </input_file>
      <input_file id="fl-fa">
         <path>C:\ti\ccs2040\ccs\tools\compiler\ti-cgt-armllvm_4.0.4.LTS\lib\armv6m-ti-none-eabi\c\</path>
         <kind>archive</kind>
         <file>libsysbm.a</file>
         <name>open.c.obj</name>
      </input_file>
      <input_file id="fl-fb">
         <path>C:\ti\ccs2040\ccs\tools\compiler\ti-cgt-armllvm_4.0.4.LTS\lib\armv6m-ti-none-eabi\c\</path>
         <kind>archive</kind>
         <file>libsysbm.a</file>
         <name>lseek.c.obj</name>
      </input_file>
      <input_file id="fl-fc">
         <path>C:\ti\ccs2040\ccs\tools\compiler\ti-cgt-armllvm_4.0.4.LTS\lib\armv6m-ti-none-eabi\c\</path>
         <kind>archive</kind>
         <file>libsysbm.a</file>
         <name>close.c.obj</name>
      </input_file>
      <input_file id="fl-fd">
         <path>C:\ti\ccs2040\ccs\tools\compiler\ti-cgt-armllvm_4.0.4.LTS\lib\armv6m-ti-none-eabi\c\</path>
         <kind>archive</kind>
         <file>libsysbm.a</file>
         <name>add_device.c.obj</name>
      </input_file>
      <input_file id="fl-fe">
         <path>C:\ti\ccs2040\ccs\tools\compiler\ti-cgt-armllvm_4.0.4.LTS\lib\armv6m-ti-none-eabi\c\</path>
         <kind>archive</kind>
         <file>libsysbm.a</file>
         <name>unlink.c.obj</name>
      </input_file>
      <input_file id="fl-ff">
         <path>C:\ti\ccs2040\ccs\tools\compiler\ti-cgt-armllvm_4.0.4.LTS\lib\armv6m-ti-none-eabi\c\</path>
         <kind>archive</kind>
         <file>libsysbm.a</file>
         <name>hostclose.c.obj</name>
      </input_file>
      <input_file id="fl-100">
         <path>C:\ti\ccs2040\ccs\tools\compiler\ti-cgt-armllvm_4.0.4.LTS\lib\armv6m-ti-none-eabi\c\</path>
         <kind>archive</kind>
         <file>libsysbm.a</file>
         <name>hostlseek.c.obj</name>
      </input_file>
      <input_file id="fl-101">
         <path>C:\ti\ccs2040\ccs\tools\compiler\ti-cgt-armllvm_4.0.4.LTS\lib\armv6m-ti-none-eabi\c\</path>
         <kind>archive</kind>
         <file>libsysbm.a</file>
         <name>hostopen.c.obj</name>
      </input_file>
      <input_file id="fl-102">
         <path>C:\ti\ccs2040\ccs\tools\compiler\ti-cgt-armllvm_4.0.4.LTS\lib\armv6m-ti-none-eabi\c\</path>
         <kind>archive</kind>
         <file>libsysbm.a</file>
         <name>hostread.c.obj</name>
      </input_file>
      <input_file id="fl-103">
         <path>C:\ti\ccs2040\ccs\tools\compiler\ti-cgt-armllvm_4.0.4.LTS\lib\armv6m-ti-none-eabi\c\</path>
         <kind>archive</kind>
         <file>libsysbm.a</file>
         <name>hostrename.c.obj</name>
      </input_file>
      <input_file id="fl-104">
         <path>C:\ti\ccs2040\ccs\tools\compiler\ti-cgt-armllvm_4.0.4.LTS\lib\armv6m-ti-none-eabi\c\</path>
         <kind>archive</kind>
         <file>libsysbm.a</file>
         <name>hostunlink.c.obj</name>
      </input_file>
      <input_file id="fl-105">
         <path>C:\ti\ccs2040\ccs\tools\compiler\ti-cgt-armllvm_4.0.4.LTS\lib\armv6m-ti-none-eabi\c\</path>
         <kind>archive</kind>
         <file>libsysbm.a</file>
         <name>hostwrite.c.obj</name>
      </input_file>
      <input_file id="fl-106">
         <path>C:\ti\ccs2040\ccs\tools\compiler\ti-cgt-armllvm_4.0.4.LTS\lib\armv6m-ti-none-eabi\c\</path>
         <kind>archive</kind>
         <file>libsysbm.a</file>
         <name>trgmsg.c.obj</name>
      </input_file>
      <input_file id="fl-107">
         <path>C:\ti\ccs2040\ccs\tools\compiler\ti-cgt-armllvm_4.0.4.LTS\lib\armv6m-ti-none-eabi\</path>
         <kind>archive</kind>
         <file>libclang_rt.builtins.a</file>
         <name>adddf3.S.obj</name>
      </input_file>
      <input_file id="fl-108">
         <path>C:\ti\ccs2040\ccs\tools\compiler\ti-cgt-armllvm_4.0.4.LTS\lib\armv6m-ti-none-eabi\</path>
         <kind>archive</kind>
         <file>libclang_rt.builtins.a</file>
         <name>muldf3.S.obj</name>
      </input_file>
      <input_file id="fl-109">
         <path>C:\ti\ccs2040\ccs\tools\compiler\ti-cgt-armllvm_4.0.4.LTS\lib\armv6m-ti-none-eabi\</path>
         <kind>archive</kind>
         <file>libclang_rt.builtins.a</file>
         <name>muldsi3.S.obj</name>
      </input_file>
      <input_file id="fl-10a">
         <path>C:\ti\ccs2040\ccs\tools\compiler\ti-cgt-armllvm_4.0.4.LTS\lib\armv6m-ti-none-eabi\</path>
         <kind>archive</kind>
         <file>libclang_rt.builtins.a</file>
         <name>divdf3.S.obj</name>
      </input_file>
      <input_file id="fl-10b">
         <path>C:\ti\ccs2040\ccs\tools\compiler\ti-cgt-armllvm_4.0.4.LTS\lib\armv6m-ti-none-eabi\</path>
         <kind>archive</kind>
         <file>libclang_rt.builtins.a</file>
         <name>fixdfsi.S.obj</name>
      </input_file>
      <input_file id="fl-10c">
         <path>C:\ti\ccs2040\ccs\tools\compiler\ti-cgt-armllvm_4.0.4.LTS\lib\armv6m-ti-none-eabi\</path>
         <kind>archive</kind>
         <file>libclang_rt.builtins.a</file>
         <name>floatsidf.S.obj</name>
      </input_file>
      <input_file id="fl-10d">
         <path>C:\ti\ccs2040\ccs\tools\compiler\ti-cgt-armllvm_4.0.4.LTS\lib\armv6m-ti-none-eabi\</path>
         <kind>archive</kind>
         <file>libclang_rt.builtins.a</file>
         <name>floatunsidf.S.obj</name>
      </input_file>
      <input_file id="fl-10e">
         <path>C:\ti\ccs2040\ccs\tools\compiler\ti-cgt-armllvm_4.0.4.LTS\lib\armv6m-ti-none-eabi\</path>
         <kind>archive</kind>
         <file>libclang_rt.builtins.a</file>
         <name>muldi3.S.obj</name>
      </input_file>
      <input_file id="fl-10f">
         <path>C:\ti\ccs2040\ccs\tools\compiler\ti-cgt-armllvm_4.0.4.LTS\lib\armv6m-ti-none-eabi\</path>
         <kind>archive</kind>
         <file>libclang_rt.builtins.a</file>
         <name>truncdfsf2.S.obj</name>
      </input_file>
      <input_file id="fl-110">
         <path>C:\ti\ccs2040\ccs\tools\compiler\ti-cgt-armllvm_4.0.4.LTS\lib\armv6m-ti-none-eabi\</path>
         <kind>archive</kind>
         <file>libclang_rt.builtins.a</file>
         <name>aeabi_dcmp.S.obj</name>
      </input_file>
      <input_file id="fl-111">
         <path>C:\ti\ccs2040\ccs\tools\compiler\ti-cgt-armllvm_4.0.4.LTS\lib\armv6m-ti-none-eabi\</path>
         <kind>archive</kind>
         <file>libclang_rt.builtins.a</file>
         <name>aeabi_idivmod.S.obj</name>
      </input_file>
      <input_file id="fl-112">
         <path>C:\ti\ccs2040\ccs\tools\compiler\ti-cgt-armllvm_4.0.4.LTS\lib\armv6m-ti-none-eabi\</path>
         <kind>archive</kind>
         <file>libclang_rt.builtins.a</file>
         <name>aeabi_memcpy.S.obj</name>
      </input_file>
      <input_file id="fl-113">
         <path>C:\ti\ccs2040\ccs\tools\compiler\ti-cgt-armllvm_4.0.4.LTS\lib\armv6m-ti-none-eabi\</path>
         <kind>archive</kind>
         <file>libclang_rt.builtins.a</file>
         <name>aeabi_memset.S.obj</name>
      </input_file>
      <input_file id="fl-114">
         <path>C:\ti\ccs2040\ccs\tools\compiler\ti-cgt-armllvm_4.0.4.LTS\lib\armv6m-ti-none-eabi\</path>
         <kind>archive</kind>
         <file>libclang_rt.builtins.a</file>
         <name>aeabi_uidivmod.S.obj</name>
      </input_file>
      <input_file id="fl-115">
         <path>C:\ti\ccs2040\ccs\tools\compiler\ti-cgt-armllvm_4.0.4.LTS\lib\armv6m-ti-none-eabi\</path>
         <kind>archive</kind>
         <file>libclang_rt.builtins.a</file>
         <name>aeabi_uldivmod.S.obj</name>
      </input_file>
      <input_file id="fl-116">
         <path>C:\ti\ccs2040\ccs\tools\compiler\ti-cgt-armllvm_4.0.4.LTS\lib\armv6m-ti-none-eabi\</path>
         <kind>archive</kind>
         <file>libclang_rt.builtins.a</file>
         <name>udivmoddi4.S.obj</name>
      </input_file>
      <input_file id="fl-117">
         <path>C:\ti\ccs2040\ccs\tools\compiler\ti-cgt-armllvm_4.0.4.LTS\lib\armv6m-ti-none-eabi\</path>
         <kind>archive</kind>
         <file>libclang_rt.builtins.a</file>
         <name>ashldi3.S.obj</name>
      </input_file>
      <input_file id="fl-118">
         <path>C:\ti\ccs2040\ccs\tools\compiler\ti-cgt-armllvm_4.0.4.LTS\lib\armv6m-ti-none-eabi\</path>
         <kind>archive</kind>
         <file>libclang_rt.builtins.a</file>
         <name>comparedf2.c.obj</name>
      </input_file>
      <input_file id="fl-119">
         <path>C:\ti\ccs2040\ccs\tools\compiler\ti-cgt-armllvm_4.0.4.LTS\lib\armv6m-ti-none-eabi\</path>
         <kind>archive</kind>
         <file>libclang_rt.builtins.a</file>
         <name>aeabi_div0.c.obj</name>
      </input_file>
      <input_file id="fl-11a">
         <path>C:\ti\ccs2040\ccs\tools\compiler\ti-cgt-armllvm_4.0.4.LTS\lib\armv6m-ti-none-eabi\c\</path>
         <kind>archive</kind>
         <file>libc.a</file>
         <name>getdevice.c.obj</name>
      </input_file>
      <input_file id="fl-11b">
         <path>C:\ti\ccs2040\ccs\tools\compiler\ti-cgt-armllvm_4.0.4.LTS\lib\armv6m-ti-none-eabi\c\</path>
         <kind>archive</kind>
         <file>libc.a</file>
         <name>memcpy16.S.obj</name>
      </input_file>
      <input_file id="fl-11c">
         <path>C:\ti\ccs2040\ccs\tools\compiler\ti-cgt-armllvm_4.0.4.LTS\lib\armv6m-ti-none-eabi\c\</path>
         <kind>archive</kind>
         <file>libc.a</file>
         <name>memset16.S.obj</name>
      </input_file>
      <input_file id="fl-11d">
         <path>C:\ti\ccs2040\ccs\tools\compiler\ti-cgt-armllvm_4.0.4.LTS\lib\armv6m-ti-none-eabi\c\</path>
         <kind>archive</kind>
         <file>libc.a</file>
         <name>strcmp-armv6m.S.obj</name>
      </input_file>
   </input_file_list>
   <object_component_list>
      <object_component id="oc-18">
         <name>.intvecs</name>
         <load_address>0x0</load_address>
         <readonly>true</readonly>
         <run_address>0x0</run_address>
         <size>0xc0</size>
         <alignment>0x4</alignment>
         <input_file_ref idref="fl-13"/>
      </object_component>
      <object_component id="oc-1d4">
         <name>.text:__TI_printfi</name>
         <load_address>0xc0</load_address>
         <readonly>true</readonly>
         <executable>true</executable>
         <run_address>0xc0</run_address>
         <size>0x9d0</size>
         <alignment>0x4</alignment>
         <input_file_ref idref="fl-37"/>
      </object_component>
      <object_component id="oc-95">
         <name>.text.main</name>
         <load_address>0xa90</load_address>
         <readonly>true</readonly>
         <executable>true</executable>
         <run_address>0xa90</run_address>
         <size>0x730</size>
         <alignment>0x4</alignment>
         <input_file_ref idref="fl-8"/>
      </object_component>
      <object_component id="oc-e4">
         <name>.text.CheckCollisions</name>
         <load_address>0x11c0</load_address>
         <readonly>true</readonly>
         <executable>true</executable>
         <run_address>0x11c0</run_address>
         <size>0x224</size>
         <alignment>0x4</alignment>
         <input_file_ref idref="fl-6"/>
      </object_component>
      <object_component id="oc-257">
         <name>.text._pconv_a</name>
         <load_address>0x13e4</load_address>
         <readonly>true</readonly>
         <executable>true</executable>
         <run_address>0x13e4</run_address>
         <size>0x220</size>
         <alignment>0x4</alignment>
         <input_file_ref idref="fl-37"/>
      </object_component>
      <object_component id="oc-e9">
         <name>.text.ST7735_DrawBitmap</name>
         <load_address>0x1604</load_address>
         <readonly>true</readonly>
         <executable>true</executable>
         <run_address>0x1604</run_address>
         <size>0x210</size>
         <alignment>0x4</alignment>
         <input_file_ref idref="fl-b"/>
      </object_component>
      <object_component id="oc-25c">
         <name>.text._pconv_g</name>
         <load_address>0x1814</load_address>
         <readonly>true</readonly>
         <executable>true</executable>
         <run_address>0x1814</run_address>
         <size>0x1dc</size>
         <alignment>0x4</alignment>
         <input_file_ref idref="fl-37"/>
      </object_component>
      <object_component id="oc-12f">
         <name>.text.Clock_Init80MHz</name>
         <load_address>0x19f0</load_address>
         <readonly>true</readonly>
         <executable>true</executable>
         <run_address>0x19f0</run_address>
         <size>0x1b4</size>
         <alignment>0x4</alignment>
         <input_file_ref idref="fl-3"/>
      </object_component>
      <object_component id="oc-e3">
         <name>.text.Game_Update</name>
         <load_address>0x1ba4</load_address>
         <readonly>true</readonly>
         <executable>true</executable>
         <run_address>0x1ba4</run_address>
         <size>0x1b0</size>
         <alignment>0x4</alignment>
         <input_file_ref idref="fl-6"/>
      </object_component>
      <object_component id="oc-236">
         <name>.text.ST7735_DrawChar</name>
         <load_address>0x1d54</load_address>
         <readonly>true</readonly>
         <executable>true</executable>
         <run_address>0x1d54</run_address>
         <size>0x1a8</size>
         <alignment>0x4</alignment>
         <input_file_ref idref="fl-b"/>
      </object_component>
      <object_component id="oc-2e6">
         <name>.text.adddf3_subdf3</name>
         <load_address>0x1efc</load_address>
         <readonly>true</readonly>
         <executable>true</executable>
         <run_address>0x1efc</run_address>
         <size>0x192</size>
         <alignment>0x4</alignment>
         <input_file_ref idref="fl-107"/>
      </object_component>
      <object_component id="oc-186">
         <name>.text.__aeabi_idiv0</name>
         <load_address>0x208e</load_address>
         <readonly>true</readonly>
         <executable>true</executable>
         <run_address>0x208e</run_address>
         <size>0x2</size>
         <alignment>0x2</alignment>
         <input_file_ref idref="fl-119"/>
      </object_component>
      <object_component id="oc-cc">
         <name>.text.Game_Init</name>
         <load_address>0x2090</load_address>
         <readonly>true</readonly>
         <executable>true</executable>
         <run_address>0x2090</run_address>
         <size>0x15c</size>
         <alignment>0x4</alignment>
         <input_file_ref idref="fl-6"/>
      </object_component>
      <object_component id="oc-1b4">
         <name>.text._openfile</name>
         <load_address>0x21ec</load_address>
         <readonly>true</readonly>
         <executable>true</executable>
         <run_address>0x21ec</run_address>
         <size>0x154</size>
         <alignment>0x4</alignment>
         <input_file_ref idref="fl-38"/>
      </object_component>
      <object_component id="oc-2ea">
         <name>.text.fcvt</name>
         <load_address>0x2340</load_address>
         <readonly>true</readonly>
         <executable>true</executable>
         <run_address>0x2340</run_address>
         <size>0x13c</size>
         <alignment>0x4</alignment>
         <input_file_ref idref="fl-37"/>
      </object_component>
      <object_component id="oc-15e">
         <name>.text.ADC_Init</name>
         <load_address>0x247c</load_address>
         <readonly>true</readonly>
         <executable>true</executable>
         <run_address>0x247c</run_address>
         <size>0x128</size>
         <alignment>0x4</alignment>
         <input_file_ref idref="fl-f"/>
      </object_component>
      <object_component id="oc-25e">
         <name>.text._pconv_e</name>
         <load_address>0x25a4</load_address>
         <readonly>true</readonly>
         <executable>true</executable>
         <run_address>0x25a4</run_address>
         <size>0x120</size>
         <alignment>0x4</alignment>
         <input_file_ref idref="fl-37"/>
      </object_component>
      <object_component id="oc-e8">
         <name>.text.ST7735_FillRect</name>
         <load_address>0x26c4</load_address>
         <readonly>true</readonly>
         <executable>true</executable>
         <run_address>0x26c4</run_address>
         <size>0x118</size>
         <alignment>0x4</alignment>
         <input_file_ref idref="fl-b"/>
      </object_component>
      <object_component id="oc-17f">
         <name>.text.Game_Spawn</name>
         <load_address>0x27dc</load_address>
         <readonly>true</readonly>
         <executable>true</executable>
         <run_address>0x27dc</run_address>
         <size>0x114</size>
         <alignment>0x4</alignment>
         <input_file_ref idref="fl-6"/>
      </object_component>
      <object_component id="oc-234">
         <name>.text.aligned_alloc</name>
         <load_address>0x28f0</load_address>
         <readonly>true</readonly>
         <executable>true</executable>
         <run_address>0x28f0</run_address>
         <size>0x114</size>
         <alignment>0x4</alignment>
         <input_file_ref idref="fl-45"/>
      </object_component>
      <object_component id="oc-2e2">
         <name>.text.__divdf3</name>
         <load_address>0x2a04</load_address>
         <readonly>true</readonly>
         <executable>true</executable>
         <run_address>0x2a04</run_address>
         <size>0x10c</size>
         <alignment>0x4</alignment>
         <input_file_ref idref="fl-10a"/>
      </object_component>
      <object_component id="oc-1f2">
         <name>.text.SPI_Init</name>
         <load_address>0x2b10</load_address>
         <readonly>true</readonly>
         <executable>true</executable>
         <run_address>0x2b10</run_address>
         <size>0xf8</size>
         <alignment>0x4</alignment>
         <input_file_ref idref="fl-a"/>
      </object_component>
      <object_component id="oc-1db">
         <name>.text.fputs</name>
         <load_address>0x2c08</load_address>
         <readonly>true</readonly>
         <executable>true</executable>
         <run_address>0x2c08</run_address>
         <size>0xf8</size>
         <alignment>0x4</alignment>
         <input_file_ref idref="fl-3a"/>
      </object_component>
      <object_component id="oc-d9">
         <name>.text.ST7735_SetRotation</name>
         <load_address>0x2d00</load_address>
         <readonly>true</readonly>
         <executable>true</executable>
         <run_address>0x2d00</run_address>
         <size>0xf4</size>
         <alignment>0x4</alignment>
         <input_file_ref idref="fl-b"/>
      </object_component>
      <object_component id="oc-138">
         <name>.text.add_device</name>
         <load_address>0x2df4</load_address>
         <readonly>true</readonly>
         <executable>true</executable>
         <run_address>0x2df4</run_address>
         <size>0xec</size>
         <alignment>0x4</alignment>
         <input_file_ref idref="fl-fd"/>
      </object_component>
      <object_component id="oc-160">
         <name>.text.UART_Init</name>
         <load_address>0x2ee0</load_address>
         <readonly>true</readonly>
         <executable>true</executable>
         <run_address>0x2ee0</run_address>
         <size>0xe8</size>
         <alignment>0x4</alignment>
         <input_file_ref idref="fl-f"/>
      </object_component>
      <object_component id="oc-1bd">
         <name>.text.free</name>
         <load_address>0x2fc8</load_address>
         <readonly>true</readonly>
         <executable>true</executable>
         <run_address>0x2fc8</run_address>
         <size>0xe8</size>
         <alignment>0x4</alignment>
         <input_file_ref idref="fl-45"/>
      </object_component>
      <object_component id="oc-2d2">
         <name>.text.__muldf3</name>
         <load_address>0x30b0</load_address>
         <readonly>true</readonly>
         <executable>true</executable>
         <run_address>0x30b0</run_address>
         <size>0xe4</size>
         <alignment>0x4</alignment>
         <input_file_ref idref="fl-108"/>
      </object_component>
      <object_component id="oc-143">
         <name>.text.setvbuf</name>
         <load_address>0x3194</load_address>
         <readonly>true</readonly>
         <executable>true</executable>
         <run_address>0x3194</run_address>
         <size>0xe0</size>
         <alignment>0x4</alignment>
         <input_file_ref idref="fl-3c"/>
      </object_component>
      <object_component id="oc-2c1">
         <name>.text.scalbn</name>
         <load_address>0x3274</load_address>
         <readonly>true</readonly>
         <executable>true</executable>
         <run_address>0x3274</run_address>
         <size>0xd8</size>
         <alignment>0x4</alignment>
         <input_file_ref idref="fl-4f"/>
      </object_component>
      <object_component id="oc-1c4">
         <name>.text.ST7735_OutChar</name>
         <load_address>0x334c</load_address>
         <readonly>true</readonly>
         <executable>true</executable>
         <run_address>0x334c</run_address>
         <size>0xd0</size>
         <alignment>0x4</alignment>
         <input_file_ref idref="fl-b"/>
      </object_component>
      <object_component id="oc-e2">
         <name>.text.Game_Ult</name>
         <load_address>0x341c</load_address>
         <readonly>true</readonly>
         <executable>true</executable>
         <run_address>0x341c</run_address>
         <size>0xbc</size>
         <alignment>0x4</alignment>
         <input_file_ref idref="fl-6"/>
      </object_component>
      <object_component id="oc-162">
         <name>.text.TimerG7_IntArm</name>
         <load_address>0x34d8</load_address>
         <readonly>true</readonly>
         <executable>true</executable>
         <run_address>0x34d8</run_address>
         <size>0xa8</size>
         <alignment>0x4</alignment>
         <input_file_ref idref="fl-10"/>
      </object_component>
      <object_component id="oc-19f">
         <name>.text.commandList</name>
         <load_address>0x3580</load_address>
         <readonly>true</readonly>
         <executable>true</executable>
         <run_address>0x3580</run_address>
         <size>0xa2</size>
         <alignment>0x2</alignment>
         <input_file_ref idref="fl-b"/>
      </object_component>
      <object_component id="oc-2ff">
         <name>.text.__aeabi_ldiv0</name>
         <load_address>0x3622</load_address>
         <readonly>true</readonly>
         <executable>true</executable>
         <run_address>0x3622</run_address>
         <size>0x2</size>
         <alignment>0x2</alignment>
         <input_file_ref idref="fl-119"/>
      </object_component>
      <object_component id="oc-2b8">
         <name>.text</name>
         <load_address>0x3624</load_address>
         <readonly>true</readonly>
         <executable>true</executable>
         <run_address>0x3624</run_address>
         <size>0xa2</size>
         <alignment>0x4</alignment>
         <input_file_ref idref="fl-116"/>
      </object_component>
      <object_component id="oc-1d5">
         <name>.text._nop</name>
         <load_address>0x36c6</load_address>
         <readonly>true</readonly>
         <executable>true</executable>
         <run_address>0x36c6</run_address>
         <size>0x2</size>
         <alignment>0x2</alignment>
         <input_file_ref idref="fl-3f"/>
      </object_component>
      <object_component id="oc-21c">
         <name>.text.open</name>
         <load_address>0x36c8</load_address>
         <readonly>true</readonly>
         <executable>true</executable>
         <run_address>0x36c8</run_address>
         <size>0xa0</size>
         <alignment>0x4</alignment>
         <input_file_ref idref="fl-fa"/>
      </object_component>
      <object_component id="oc-b9">
         <name>.text.ST7735_InitPrintf</name>
         <load_address>0x3768</load_address>
         <readonly>true</readonly>
         <executable>true</executable>
         <run_address>0x3768</run_address>
         <size>0x9c</size>
         <alignment>0x4</alignment>
         <input_file_ref idref="fl-b"/>
      </object_component>
      <object_component id="oc-1e1">
         <name>.text.fputc</name>
         <load_address>0x3804</load_address>
         <readonly>true</readonly>
         <executable>true</executable>
         <run_address>0x3804</run_address>
         <size>0x9c</size>
         <alignment>0x4</alignment>
         <input_file_ref idref="fl-39"/>
      </object_component>
      <object_component id="oc-137">
         <name>.text.ST7735_InitR</name>
         <load_address>0x38a0</load_address>
         <readonly>true</readonly>
         <executable>true</executable>
         <run_address>0x38a0</run_address>
         <size>0x98</size>
         <alignment>0x4</alignment>
         <input_file_ref idref="fl-b"/>
      </object_component>
      <object_component id="oc-d1">
         <name>.text.TimerG12_IntArm</name>
         <load_address>0x3938</load_address>
         <readonly>true</readonly>
         <executable>true</executable>
         <run_address>0x3938</run_address>
         <size>0x94</size>
         <alignment>0x4</alignment>
         <input_file_ref idref="fl-10"/>
      </object_component>
      <object_component id="oc-e1">
         <name>.text.Game_Shoot</name>
         <load_address>0x39cc</load_address>
         <readonly>true</readonly>
         <executable>true</executable>
         <run_address>0x39cc</run_address>
         <size>0x88</size>
         <alignment>0x4</alignment>
         <input_file_ref idref="fl-6"/>
      </object_component>
      <object_component id="oc-185">
         <name>.text.setAddrWindow</name>
         <load_address>0x3a54</load_address>
         <readonly>true</readonly>
         <executable>true</executable>
         <run_address>0x3a54</run_address>
         <size>0x88</size>
         <alignment>0x4</alignment>
         <input_file_ref idref="fl-b"/>
      </object_component>
      <object_component id="oc-18c">
         <name>.text.HOSTexit</name>
         <load_address>0x3adc</load_address>
         <readonly>true</readonly>
         <executable>true</executable>
         <run_address>0x3adc</run_address>
         <size>0x4</size>
         <alignment>0x2</alignment>
         <input_file_ref idref="fl-f6"/>
      </object_component>
      <object_component id="oc-1f4">
         <name>.text:strcmp</name>
         <load_address>0x3ae0</load_address>
         <readonly>true</readonly>
         <executable>true</executable>
         <run_address>0x3ae0</run_address>
         <size>0x88</size>
         <alignment>0x10</alignment>
         <input_file_ref idref="fl-11d"/>
      </object_component>
      <object_component id="oc-235">
         <name>.text.ST7735_DrawString</name>
         <load_address>0x3b68</load_address>
         <readonly>true</readonly>
         <executable>true</executable>
         <run_address>0x3b68</run_address>
         <size>0x84</size>
         <alignment>0x2</alignment>
         <input_file_ref idref="fl-b"/>
      </object_component>
      <object_component id="oc-b4">
         <name>.text.LaunchPad_Init</name>
         <load_address>0x3bec</load_address>
         <readonly>true</readonly>
         <executable>true</executable>
         <run_address>0x3bec</run_address>
         <size>0x7c</size>
         <alignment>0x4</alignment>
         <input_file_ref idref="fl-9"/>
      </object_component>
      <object_component id="oc-1b7">
         <name>.text.__TI_closefile</name>
         <load_address>0x3c68</load_address>
         <readonly>true</readonly>
         <executable>true</executable>
         <run_address>0x3c68</run_address>
         <size>0x7c</size>
         <alignment>0x4</alignment>
         <input_file_ref idref="fl-52"/>
      </object_component>
      <object_component id="oc-1c">
         <name>.text:decompress:lzss</name>
         <load_address>0x3ce4</load_address>
         <readonly>true</readonly>
         <executable>true</executable>
         <run_address>0x3ce4</run_address>
         <size>0x7c</size>
         <alignment>0x4</alignment>
         <input_file_ref idref="fl-4d"/>
      </object_component>
      <object_component id="oc-bf">
         <name>.text.ADCinit</name>
         <load_address>0x3d60</load_address>
         <readonly>true</readonly>
         <executable>true</executable>
         <run_address>0x3d60</run_address>
         <size>0x78</size>
         <alignment>0x4</alignment>
         <input_file_ref idref="fl-1"/>
      </object_component>
      <object_component id="oc-2e0">
         <name>.text.__gedf2</name>
         <load_address>0x3dd8</load_address>
         <readonly>true</readonly>
         <executable>true</executable>
         <run_address>0x3dd8</run_address>
         <size>0x74</size>
         <alignment>0x4</alignment>
         <input_file_ref idref="fl-118"/>
      </object_component>
      <object_component id="oc-180">
         <name>.text.DetectOverlap</name>
         <load_address>0x3e4c</load_address>
         <readonly>true</readonly>
         <executable>true</executable>
         <run_address>0x3e4c</run_address>
         <size>0x72</size>
         <alignment>0x2</alignment>
         <input_file_ref idref="fl-6"/>
      </object_component>
      <object_component id="oc-20a">
         <name>.text.HOSTlseek</name>
         <load_address>0x3ec0</load_address>
         <readonly>true</readonly>
         <executable>true</executable>
         <run_address>0x3ec0</run_address>
         <size>0x6c</size>
         <alignment>0x4</alignment>
         <input_file_ref idref="fl-100"/>
      </object_component>
      <object_component id="oc-212">
         <name>.text.HOSTrename</name>
         <load_address>0x3f2c</load_address>
         <readonly>true</readonly>
         <executable>true</executable>
         <run_address>0x3f2c</run_address>
         <size>0x6c</size>
         <alignment>0x4</alignment>
         <input_file_ref idref="fl-103"/>
      </object_component>
      <object_component id="oc-319">
         <name>.text.fseeko</name>
         <load_address>0x3f98</load_address>
         <readonly>true</readonly>
         <executable>true</executable>
         <run_address>0x3f98</run_address>
         <size>0x6c</size>
         <alignment>0x4</alignment>
         <input_file_ref idref="fl-54"/>
      </object_component>
      <object_component id="oc-28e">
         <name>.text.getdevice</name>
         <load_address>0x4004</load_address>
         <readonly>true</readonly>
         <executable>true</executable>
         <run_address>0x4004</run_address>
         <size>0x6c</size>
         <alignment>0x4</alignment>
         <input_file_ref idref="fl-11a"/>
      </object_component>
      <object_component id="oc-2da">
         <name>.text.__ledf2</name>
         <load_address>0x4070</load_address>
         <readonly>true</readonly>
         <executable>true</executable>
         <run_address>0x4070</run_address>
         <size>0x68</size>
         <alignment>0x4</alignment>
         <input_file_ref idref="fl-118"/>
      </object_component>
      <object_component id="oc-2d9">
         <name>.text._mcpy</name>
         <load_address>0x40d8</load_address>
         <readonly>true</readonly>
         <executable>true</executable>
         <run_address>0x40d8</run_address>
         <size>0x66</size>
         <alignment>0x2</alignment>
         <input_file_ref idref="fl-37"/>
      </object_component>
      <object_component id="oc-25f">
         <name>.text.__TI_wrt_ok</name>
         <load_address>0x413e</load_address>
         <readonly>true</readonly>
         <executable>true</executable>
         <run_address>0x413e</run_address>
         <size>0x64</size>
         <alignment>0x2</alignment>
         <input_file_ref idref="fl-3b"/>
      </object_component>
      <object_component id="oc-2a1">
         <name>.text.split</name>
         <load_address>0x41a4</load_address>
         <readonly>true</readonly>
         <executable>true</executable>
         <run_address>0x41a4</run_address>
         <size>0x64</size>
         <alignment>0x4</alignment>
         <input_file_ref idref="fl-45"/>
      </object_component>
      <object_component id="oc-258">
         <name>.text.__aeabi_dcmp</name>
         <load_address>0x4208</load_address>
         <readonly>true</readonly>
         <executable>true</executable>
         <run_address>0x4208</run_address>
         <size>0x62</size>
         <alignment>0x4</alignment>
         <input_file_ref idref="fl-110"/>
      </object_component>
      <object_component id="oc-1fa">
         <name>.text.HOSTopen</name>
         <load_address>0x426c</load_address>
         <readonly>true</readonly>
         <executable>true</executable>
         <run_address>0x426c</run_address>
         <size>0x60</size>
         <alignment>0x4</alignment>
         <input_file_ref idref="fl-101"/>
      </object_component>
      <object_component id="oc-2bd">
         <name>.text.frexp</name>
         <load_address>0x42cc</load_address>
         <readonly>true</readonly>
         <executable>true</executable>
         <run_address>0x42cc</run_address>
         <size>0x5c</size>
         <alignment>0x4</alignment>
         <input_file_ref idref="fl-4e"/>
      </object_component>
      <object_component id="oc-db">
         <name>.text.printf</name>
         <load_address>0x4328</load_address>
         <readonly>true</readonly>
         <executable>true</executable>
         <run_address>0x4328</run_address>
         <size>0x5c</size>
         <alignment>0x4</alignment>
         <input_file_ref idref="fl-36"/>
      </object_component>
      <object_component id="oc-202">
         <name>.text.HOSTread</name>
         <load_address>0x4384</load_address>
         <readonly>true</readonly>
         <executable>true</executable>
         <run_address>0x4384</run_address>
         <size>0x58</size>
         <alignment>0x4</alignment>
         <input_file_ref idref="fl-102"/>
      </object_component>
      <object_component id="oc-206">
         <name>.text.HOSTwrite</name>
         <load_address>0x43dc</load_address>
         <readonly>true</readonly>
         <executable>true</executable>
         <run_address>0x43dc</run_address>
         <size>0x58</size>
         <alignment>0x4</alignment>
         <input_file_ref idref="fl-105"/>
      </object_component>
      <object_component id="oc-cb">
         <name>.text.TExaS_Init</name>
         <load_address>0x4434</load_address>
         <readonly>true</readonly>
         <executable>true</executable>
         <run_address>0x4434</run_address>
         <size>0x58</size>
         <alignment>0x4</alignment>
         <input_file_ref idref="fl-f"/>
      </object_component>
      <object_component id="oc-2c9">
         <name>.text.__TI_ltoa</name>
         <load_address>0x448c</load_address>
         <readonly>true</readonly>
         <executable>true</executable>
         <run_address>0x448c</run_address>
         <size>0x58</size>
         <alignment>0x2</alignment>
         <input_file_ref idref="fl-40"/>
      </object_component>
      <object_component id="oc-25d">
         <name>.text._pconv_f</name>
         <load_address>0x44e4</load_address>
         <readonly>true</readonly>
         <executable>true</executable>
         <run_address>0x44e4</run_address>
         <size>0x58</size>
         <alignment>0x2</alignment>
         <input_file_ref idref="fl-37"/>
      </object_component>
      <object_component id="oc-30c">
         <name>.text.__aeabi_idivmod</name>
         <load_address>0x453c</load_address>
         <readonly>true</readonly>
         <executable>true</executable>
         <run_address>0x453c</run_address>
         <size>0x56</size>
         <alignment>0x4</alignment>
         <input_file_ref idref="fl-111"/>
      </object_component>
      <object_component id="oc-41">
         <name>.text.TIMG12_IRQHandler</name>
         <load_address>0x4594</load_address>
         <readonly>true</readonly>
         <executable>true</executable>
         <run_address>0x4594</run_address>
         <size>0x54</size>
         <alignment>0x4</alignment>
         <input_file_ref idref="fl-8"/>
      </object_component>
      <object_component id="oc-220">
         <name>.text.__TI_doflush</name>
         <load_address>0x45e8</load_address>
         <readonly>true</readonly>
         <executable>true</executable>
         <run_address>0x45e8</run_address>
         <size>0x52</size>
         <alignment>0x2</alignment>
         <input_file_ref idref="fl-53"/>
      </object_component>
      <object_component id="oc-2d7">
         <name>.text._ecpy</name>
         <load_address>0x463a</load_address>
         <readonly>true</readonly>
         <executable>true</executable>
         <run_address>0x463a</run_address>
         <size>0x52</size>
         <alignment>0x2</alignment>
         <input_file_ref idref="fl-37"/>
      </object_component>
      <object_component id="oc-226">
         <name>.text.close</name>
         <load_address>0x468c</load_address>
         <readonly>true</readonly>
         <executable>true</executable>
         <run_address>0x468c</run_address>
         <size>0x50</size>
         <alignment>0x4</alignment>
         <input_file_ref idref="fl-fc"/>
      </object_component>
      <object_component id="oc-184">
         <name>.text.Fifo1_Get</name>
         <load_address>0x46dc</load_address>
         <readonly>true</readonly>
         <executable>true</executable>
         <run_address>0x46dc</run_address>
         <size>0x4c</size>
         <alignment>0x4</alignment>
         <input_file_ref idref="fl-5"/>
      </object_component>
      <object_component id="oc-80">
         <name>.text.Fifo1_Put</name>
         <load_address>0x4728</load_address>
         <readonly>true</readonly>
         <executable>true</executable>
         <run_address>0x4728</run_address>
         <size>0x4c</size>
         <alignment>0x4</alignment>
         <input_file_ref idref="fl-5"/>
      </object_component>
      <object_component id="oc-2c5">
         <name>.text.__fixdfsi</name>
         <load_address>0x4774</load_address>
         <readonly>true</readonly>
         <executable>true</executable>
         <run_address>0x4774</run_address>
         <size>0x4a</size>
         <alignment>0x4</alignment>
         <input_file_ref idref="fl-10b"/>
      </object_component>
      <object_component id="oc-1fe">
         <name>.text.HOSTclose</name>
         <load_address>0x47c0</load_address>
         <readonly>true</readonly>
         <executable>true</executable>
         <run_address>0x47c0</run_address>
         <size>0x48</size>
         <alignment>0x4</alignment>
         <input_file_ref idref="fl-ff"/>
      </object_component>
      <object_component id="oc-20e">
         <name>.text.HOSTunlink</name>
         <load_address>0x4808</load_address>
         <readonly>true</readonly>
         <executable>true</executable>
         <run_address>0x4808</run_address>
         <size>0x48</size>
         <alignment>0x4</alignment>
         <input_file_ref idref="fl-104"/>
      </object_component>
      <object_component id="oc-16d">
         <name>.text.SPI_OutCommand</name>
         <load_address>0x4850</load_address>
         <readonly>true</readonly>
         <executable>true</executable>
         <run_address>0x4850</run_address>
         <size>0x48</size>
         <alignment>0x4</alignment>
         <input_file_ref idref="fl-a"/>
      </object_component>
      <object_component id="oc-7a">
         <name>.text.ADCin</name>
         <load_address>0x4898</load_address>
         <readonly>true</readonly>
         <executable>true</executable>
         <run_address>0x4898</run_address>
         <size>0x44</size>
         <alignment>0x4</alignment>
         <input_file_ref idref="fl-1"/>
      </object_component>
      <object_component id="oc-26e">
         <name>.text.SPI_Reset</name>
         <load_address>0x48dc</load_address>
         <readonly>true</readonly>
         <executable>true</executable>
         <run_address>0x48dc</run_address>
         <size>0x40</size>
         <alignment>0x4</alignment>
         <input_file_ref idref="fl-a"/>
      </object_component>
      <object_component id="oc-37">
         <name>.text.SysTick_Handler</name>
         <load_address>0x491c</load_address>
         <readonly>true</readonly>
         <executable>true</executable>
         <run_address>0x491c</run_address>
         <size>0x40</size>
         <alignment>0x4</alignment>
         <input_file_ref idref="fl-d"/>
      </object_component>
      <object_component id="oc-3c">
         <name>.text.TIMG7_IRQHandler</name>
         <load_address>0x495c</load_address>
         <readonly>true</readonly>
         <executable>true</executable>
         <run_address>0x495c</run_address>
         <size>0x40</size>
         <alignment>0x4</alignment>
         <input_file_ref idref="fl-f"/>
      </object_component>
      <object_component id="oc-fa">
         <name>.text.__aeabi_uidivmod</name>
         <load_address>0x499c</load_address>
         <readonly>true</readonly>
         <executable>true</executable>
         <run_address>0x499c</run_address>
         <size>0x40</size>
         <alignment>0x4</alignment>
         <input_file_ref idref="fl-114"/>
      </object_component>
      <object_component id="oc-1b3">
         <name>.text._search_fp</name>
         <load_address>0x49dc</load_address>
         <readonly>true</readonly>
         <executable>true</executable>
         <run_address>0x49dc</run_address>
         <size>0x40</size>
         <alignment>0x4</alignment>
         <input_file_ref idref="fl-38"/>
      </object_component>
      <object_component id="oc-241">
         <name>.text.atoi</name>
         <load_address>0x4a1c</load_address>
         <readonly>true</readonly>
         <executable>true</executable>
         <run_address>0x4a1c</run_address>
         <size>0x40</size>
         <alignment>0x4</alignment>
         <input_file_ref idref="fl-42"/>
      </object_component>
      <object_component id="oc-15c">
         <name>.text.DAC5_Init</name>
         <load_address>0x4a5c</load_address>
         <readonly>true</readonly>
         <executable>true</executable>
         <run_address>0x4a5c</run_address>
         <size>0x3c</size>
         <alignment>0x4</alignment>
         <input_file_ref idref="fl-4"/>
      </object_component>
      <object_component id="oc-116">
         <name>.text:__TI_auto_init_nobinit_nopinit</name>
         <load_address>0x4a98</load_address>
         <readonly>true</readonly>
         <executable>true</executable>
         <run_address>0x4a98</run_address>
         <size>0x3c</size>
         <alignment>0x4</alignment>
         <input_file_ref idref="fl-48"/>
      </object_component>
      <object_component id="oc-2b3">
         <name>.text.__muldsi3</name>
         <load_address>0x4ad4</load_address>
         <readonly>true</readonly>
         <executable>true</executable>
         <run_address>0x4ad4</run_address>
         <size>0x3a</size>
         <alignment>0x4</alignment>
         <input_file_ref idref="fl-109"/>
      </object_component>
      <object_component id="oc-134">
         <name>.text.ActivatePortA_B</name>
         <load_address>0x4b10</load_address>
         <readonly>true</readonly>
         <executable>true</executable>
         <run_address>0x4b10</run_address>
         <size>0x38</size>
         <alignment>0x4</alignment>
         <input_file_ref idref="fl-9"/>
      </object_component>
      <object_component id="oc-172">
         <name>.text.SPI_OutData</name>
         <load_address>0x4b48</load_address>
         <readonly>true</readonly>
         <executable>true</executable>
         <run_address>0x4b48</run_address>
         <size>0x38</size>
         <alignment>0x4</alignment>
         <input_file_ref idref="fl-a"/>
      </object_component>
      <object_component id="oc-1f3">
         <name>.text.Clock_Delay1ms</name>
         <load_address>0x4b80</load_address>
         <readonly>true</readonly>
         <executable>true</executable>
         <run_address>0x4b80</run_address>
         <size>0x34</size>
         <alignment>0x4</alignment>
         <input_file_ref idref="fl-3"/>
      </object_component>
      <object_component id="oc-c5">
         <name>.text.LED_Init</name>
         <load_address>0x4bb4</load_address>
         <readonly>true</readonly>
         <executable>true</executable>
         <run_address>0x4bb4</run_address>
         <size>0x34</size>
         <alignment>0x4</alignment>
         <input_file_ref idref="fl-7"/>
      </object_component>
      <object_component id="oc-da">
         <name>.text.ST7735_SetCursor</name>
         <load_address>0x4be8</load_address>
         <readonly>true</readonly>
         <executable>true</executable>
         <run_address>0x4be8</run_address>
         <size>0x34</size>
         <alignment>0x4</alignment>
         <input_file_ref idref="fl-b"/>
      </object_component>
      <object_component id="oc-14a">
         <name>.text.ST7735_write</name>
         <load_address>0x4c1c</load_address>
         <readonly>true</readonly>
         <executable>true</executable>
         <run_address>0x4c1c</run_address>
         <size>0x34</size>
         <alignment>0x2</alignment>
         <input_file_ref idref="fl-b"/>
      </object_component>
      <object_component id="oc-1c0">
         <name>.text.__TI_cleanup</name>
         <load_address>0x4c50</load_address>
         <readonly>true</readonly>
         <executable>true</executable>
         <run_address>0x4c50</run_address>
         <size>0x34</size>
         <alignment>0x4</alignment>
         <input_file_ref idref="fl-38"/>
      </object_component>
      <object_component id="oc-276">
         <name>.text.__TI_readmsg</name>
         <load_address>0x4c84</load_address>
         <readonly>true</readonly>
         <executable>true</executable>
         <run_address>0x4c84</run_address>
         <size>0x34</size>
         <alignment>0x4</alignment>
         <input_file_ref idref="fl-106"/>
      </object_component>
      <object_component id="oc-270">
         <name>.text.__TI_writemsg</name>
         <load_address>0x4cb8</load_address>
         <readonly>true</readonly>
         <executable>true</executable>
         <run_address>0x4cb8</run_address>
         <size>0x34</size>
         <alignment>0x4</alignment>
         <input_file_ref idref="fl-106"/>
      </object_component>
      <object_component id="oc-114">
         <name>.text.exit</name>
         <load_address>0x4cec</load_address>
         <readonly>true</readonly>
         <executable>true</executable>
         <run_address>0x4cec</run_address>
         <size>0x34</size>
         <alignment>0x4</alignment>
         <input_file_ref idref="fl-3e"/>
      </object_component>
      <object_component id="oc-1a7">
         <name>.text.finddevice</name>
         <load_address>0x4d20</load_address>
         <readonly>true</readonly>
         <executable>true</executable>
         <run_address>0x4d20</run_address>
         <size>0x34</size>
         <alignment>0x4</alignment>
         <input_file_ref idref="fl-11a"/>
      </object_component>
      <object_component id="oc-142">
         <name>.text.freopen</name>
         <load_address>0x4d54</load_address>
         <readonly>true</readonly>
         <executable>true</executable>
         <run_address>0x4d54</run_address>
         <size>0x34</size>
         <alignment>0x4</alignment>
         <input_file_ref idref="fl-38"/>
      </object_component>
      <object_component id="oc-2d8">
         <name>.text._fcpy</name>
         <load_address>0x4d88</load_address>
         <readonly>true</readonly>
         <executable>true</executable>
         <run_address>0x4d88</run_address>
         <size>0x30</size>
         <alignment>0x2</alignment>
         <input_file_ref idref="fl-37"/>
      </object_component>
      <object_component id="oc-19e">
         <name>.text.commonInit</name>
         <load_address>0x4db8</load_address>
         <readonly>true</readonly>
         <executable>true</executable>
         <run_address>0x4db8</run_address>
         <size>0x30</size>
         <alignment>0x4</alignment>
         <input_file_ref idref="fl-b"/>
      </object_component>
      <object_component id="oc-13c">
         <name>.text.fopen</name>
         <load_address>0x4de8</load_address>
         <readonly>true</readonly>
         <executable>true</executable>
         <run_address>0x4de8</run_address>
         <size>0x30</size>
         <alignment>0x4</alignment>
         <input_file_ref idref="fl-38"/>
      </object_component>
      <object_component id="oc-be">
         <name>.text.ST7735_FillScreen</name>
         <load_address>0x4e18</load_address>
         <readonly>true</readonly>
         <executable>true</executable>
         <run_address>0x4e18</run_address>
         <size>0x2c</size>
         <alignment>0x4</alignment>
         <input_file_ref idref="fl-b"/>
      </object_component>
      <object_component id="oc-15d">
         <name>.text.SysTick_IntArm</name>
         <load_address>0x4e44</load_address>
         <readonly>true</readonly>
         <executable>true</executable>
         <run_address>0x4e44</run_address>
         <size>0x2c</size>
         <alignment>0x4</alignment>
         <input_file_ref idref="fl-d"/>
      </object_component>
      <object_component id="oc-2cd">
         <name>.text.__floatsidf</name>
         <load_address>0x4e70</load_address>
         <readonly>true</readonly>
         <executable>true</executable>
         <run_address>0x4e70</run_address>
         <size>0x2c</size>
         <alignment>0x4</alignment>
         <input_file_ref idref="fl-10c"/>
      </object_component>
      <object_component id="oc-299">
         <name>.text.unlink</name>
         <load_address>0x4e9c</load_address>
         <readonly>true</readonly>
         <executable>true</executable>
         <run_address>0x4e9c</run_address>
         <size>0x2c</size>
         <alignment>0x4</alignment>
         <input_file_ref idref="fl-fe"/>
      </object_component>
      <object_component id="oc-15f">
         <name>.text.ADC_Start</name>
         <load_address>0x4ec8</load_address>
         <readonly>true</readonly>
         <executable>true</executable>
         <run_address>0x4ec8</run_address>
         <size>0x28</size>
         <alignment>0x4</alignment>
         <input_file_ref idref="fl-f"/>
      </object_component>
      <object_component id="oc-ca">
         <name>.text.Sound_Init</name>
         <load_address>0x4ef0</load_address>
         <readonly>true</readonly>
         <executable>true</executable>
         <run_address>0x4ef0</run_address>
         <size>0x28</size>
         <alignment>0x4</alignment>
         <input_file_ref idref="fl-d"/>
      </object_component>
      <object_component id="oc-c0">
         <name>.text.Switch_Init</name>
         <load_address>0x4f18</load_address>
         <readonly>true</readonly>
         <executable>true</executable>
         <run_address>0x4f18</run_address>
         <size>0x28</size>
         <alignment>0x4</alignment>
         <input_file_ref idref="fl-e"/>
      </object_component>
      <object_component id="oc-233">
         <name>.text.free_list_insert</name>
         <load_address>0x4f40</load_address>
         <readonly>true</readonly>
         <executable>true</executable>
         <run_address>0x4f40</run_address>
         <size>0x28</size>
         <alignment>0x4</alignment>
         <input_file_ref idref="fl-45"/>
      </object_component>
      <object_component id="oc-31e">
         <name>.text.lseek</name>
         <load_address>0x4f68</load_address>
         <readonly>true</readonly>
         <executable>true</executable>
         <run_address>0x4f68</run_address>
         <size>0x28</size>
         <alignment>0x4</alignment>
         <input_file_ref idref="fl-fb"/>
      </object_component>
      <object_component id="oc-265">
         <name>.text.write</name>
         <load_address>0x4f90</load_address>
         <readonly>true</readonly>
         <executable>true</executable>
         <run_address>0x4f90</run_address>
         <size>0x28</size>
         <alignment>0x4</alignment>
         <input_file_ref idref="fl-f7"/>
      </object_component>
      <object_component id="oc-61">
         <name>.text:_c_int00_noargs</name>
         <load_address>0x4fb8</load_address>
         <readonly>true</readonly>
         <executable>true</executable>
         <run_address>0x4fb8</run_address>
         <size>0x28</size>
         <alignment>0x4</alignment>
         <input_file_ref idref="fl-46"/>
      </object_component>
      <object_component id="oc-24e">
         <name>.text.__muldi3</name>
         <load_address>0x4fe0</load_address>
         <readonly>true</readonly>
         <executable>true</executable>
         <run_address>0x4fe0</run_address>
         <size>0x24</size>
         <alignment>0x4</alignment>
         <input_file_ref idref="fl-10e"/>
      </object_component>
      <object_component id="oc-23a">
         <name>.text.memccpy</name>
         <load_address>0x5004</load_address>
         <readonly>true</readonly>
         <executable>true</executable>
         <run_address>0x5004</run_address>
         <size>0x22</size>
         <alignment>0x2</alignment>
         <input_file_ref idref="fl-44"/>
      </object_component>
      <object_component id="oc-26d">
         <name>.text.Random32</name>
         <load_address>0x5028</load_address>
         <readonly>true</readonly>
         <executable>true</executable>
         <run_address>0x5028</run_address>
         <size>0x20</size>
         <alignment>0x4</alignment>
         <input_file_ref idref="fl-6"/>
      </object_component>
      <object_component id="oc-181">
         <name>.text.Sound_Start</name>
         <load_address>0x5048</load_address>
         <readonly>true</readonly>
         <executable>true</executable>
         <run_address>0x5048</run_address>
         <size>0x20</size>
         <alignment>0x4</alignment>
         <input_file_ref idref="fl-d"/>
      </object_component>
      <object_component id="oc-d6">
         <name>.text.Switch_In</name>
         <load_address>0x5068</load_address>
         <readonly>true</readonly>
         <executable>true</executable>
         <run_address>0x5068</run_address>
         <size>0x20</size>
         <alignment>0x4</alignment>
         <input_file_ref idref="fl-e"/>
      </object_component>
      <object_component id="oc-300">
         <name>.text.__ashldi3</name>
         <load_address>0x5088</load_address>
         <readonly>true</readonly>
         <executable>true</executable>
         <run_address>0x5088</run_address>
         <size>0x1e</size>
         <alignment>0x4</alignment>
         <input_file_ref idref="fl-117"/>
      </object_component>
      <object_component id="oc-2a3">
         <name>.text.pushColor</name>
         <load_address>0x50a6</load_address>
         <readonly>true</readonly>
         <executable>true</executable>
         <run_address>0x50a6</run_address>
         <size>0x1e</size>
         <alignment>0x2</alignment>
         <input_file_ref idref="fl-b"/>
      </object_component>
      <object_component id="oc-6d">
         <name>.text.DAC5_Out</name>
         <load_address>0x50c4</load_address>
         <readonly>true</readonly>
         <executable>true</executable>
         <run_address>0x50c4</run_address>
         <size>0x1c</size>
         <alignment>0x4</alignment>
         <input_file_ref idref="fl-4"/>
      </object_component>
      <object_component id="oc-35">
         <name>.text.Default_Handler</name>
         <load_address>0x50e0</load_address>
         <readonly>true</readonly>
         <executable>true</executable>
         <run_address>0x50e0</run_address>
         <size>0x1c</size>
         <alignment>0x4</alignment>
         <input_file_ref idref="fl-13"/>
      </object_component>
      <object_component id="oc-36">
         <name>.text.HardFault_Handler</name>
         <load_address>0x50fc</load_address>
         <readonly>true</readonly>
         <executable>true</executable>
         <run_address>0x50fc</run_address>
         <size>0x1c</size>
         <alignment>0x4</alignment>
         <input_file_ref idref="fl-13"/>
      </object_component>
      <object_component id="oc-e7">
         <name>.text.MoveSubmarine</name>
         <load_address>0x5118</load_address>
         <readonly>true</readonly>
         <executable>true</executable>
         <run_address>0x5118</run_address>
         <size>0x1c</size>
         <alignment>0x4</alignment>
         <input_file_ref idref="fl-6"/>
      </object_component>
      <object_component id="oc-231">
         <name>.text.free_list_remove</name>
         <load_address>0x5134</load_address>
         <readonly>true</readonly>
         <executable>true</executable>
         <run_address>0x5134</run_address>
         <size>0x1c</size>
         <alignment>0x4</alignment>
         <input_file_ref idref="fl-45"/>
      </object_component>
      <object_component id="oc-d7">
         <name>.text.LED_Off</name>
         <load_address>0x5150</load_address>
         <readonly>true</readonly>
         <executable>true</executable>
         <run_address>0x5150</run_address>
         <size>0x18</size>
         <alignment>0x4</alignment>
         <input_file_ref idref="fl-7"/>
      </object_component>
      <object_component id="oc-d8">
         <name>.text.LED_On</name>
         <load_address>0x5168</load_address>
         <readonly>true</readonly>
         <executable>true</executable>
         <run_address>0x5168</run_address>
         <size>0x18</size>
         <alignment>0x4</alignment>
         <input_file_ref idref="fl-7"/>
      </object_component>
      <object_component id="oc-1e7">
         <name>.text.Random</name>
         <load_address>0x5180</load_address>
         <readonly>true</readonly>
         <executable>true</executable>
         <run_address>0x5180</run_address>
         <size>0x18</size>
         <alignment>0x2</alignment>
         <input_file_ref idref="fl-6"/>
      </object_component>
      <object_component id="oc-14d">
         <name>.text.ST7735_open</name>
         <load_address>0x5198</load_address>
         <readonly>true</readonly>
         <executable>true</executable>
         <run_address>0x5198</run_address>
         <size>0x16</size>
         <alignment>0x2</alignment>
         <input_file_ref idref="fl-b"/>
      </object_component>
      <object_component id="oc-14b">
         <name>.text.ST7735_read</name>
         <load_address>0x51ae</load_address>
         <readonly>true</readonly>
         <executable>true</executable>
         <run_address>0x51ae</run_address>
         <size>0x16</size>
         <alignment>0x2</alignment>
         <input_file_ref idref="fl-b"/>
      </object_component>
      <object_component id="oc-e6">
         <name>.text.Sound_Killed</name>
         <load_address>0x51c4</load_address>
         <readonly>true</readonly>
         <executable>true</executable>
         <run_address>0x51c4</run_address>
         <size>0x14</size>
         <alignment>0x4</alignment>
         <input_file_ref idref="fl-d"/>
      </object_component>
      <object_component id="oc-e5">
         <name>.text.Sound_Shoot</name>
         <load_address>0x51d8</load_address>
         <readonly>true</readonly>
         <executable>true</executable>
         <run_address>0x51d8</run_address>
         <size>0x14</size>
         <alignment>0x4</alignment>
         <input_file_ref idref="fl-d"/>
      </object_component>
      <object_component id="oc-253">
         <name>.text.__aeabi_uldivmod</name>
         <load_address>0x51ec</load_address>
         <readonly>true</readonly>
         <executable>true</executable>
         <run_address>0x51ec</run_address>
         <size>0x14</size>
         <alignment>0x4</alignment>
         <input_file_ref idref="fl-115"/>
      </object_component>
      <object_component id="oc-2d6">
         <name>.text.strchr</name>
         <load_address>0x5200</load_address>
         <readonly>true</readonly>
         <executable>true</executable>
         <run_address>0x5200</run_address>
         <size>0x14</size>
         <alignment>0x2</alignment>
         <input_file_ref idref="fl-37"/>
      </object_component>
      <object_component id="oc-a9">
         <name>.text:TI_memcpy_small</name>
         <load_address>0x5214</load_address>
         <readonly>true</readonly>
         <executable>true</executable>
         <run_address>0x5214</run_address>
         <size>0x12</size>
         <alignment>0x1</alignment>
         <input_file_ref idref="fl-11b"/>
      </object_component>
      <object_component id="oc-20">
         <name>.text:decompress:none</name>
         <load_address>0x5226</load_address>
         <readonly>true</readonly>
         <executable>true</executable>
         <run_address>0x5226</run_address>
         <size>0x12</size>
         <alignment>0x2</alignment>
         <input_file_ref idref="fl-4c"/>
      </object_component>
      <object_component id="oc-157">
         <name>.text.Clock_Delay</name>
         <load_address>0x5238</load_address>
         <readonly>true</readonly>
         <executable>true</executable>
         <run_address>0x5238</run_address>
         <size>0x10</size>
         <alignment>0x2</alignment>
         <input_file_ref idref="fl-3"/>
      </object_component>
      <object_component id="oc-7f">
         <name>.text.Convert</name>
         <load_address>0x5248</load_address>
         <readonly>true</readonly>
         <executable>true</executable>
         <run_address>0x5248</run_address>
         <size>0x10</size>
         <alignment>0x2</alignment>
         <input_file_ref idref="fl-1"/>
      </object_component>
      <object_component id="oc-19d">
         <name>.text.Delay</name>
         <load_address>0x5258</load_address>
         <readonly>true</readonly>
         <executable>true</executable>
         <run_address>0x5258</run_address>
         <size>0x10</size>
         <alignment>0x2</alignment>
         <input_file_ref idref="fl-9"/>
      </object_component>
      <object_component id="oc-ea">
         <name>.text.TExaS_LaunchPadLogicPB27PB26</name>
         <load_address>0x5268</load_address>
         <readonly>true</readonly>
         <executable>true</executable>
         <run_address>0x5268</run_address>
         <size>0x10</size>
         <alignment>0x4</alignment>
         <input_file_ref idref="fl-8"/>
      </object_component>
      <object_component id="oc-245">
         <name>.text.wcslen</name>
         <load_address>0x5278</load_address>
         <readonly>true</readonly>
         <executable>true</executable>
         <run_address>0x5278</run_address>
         <size>0x10</size>
         <alignment>0x2</alignment>
         <input_file_ref idref="fl-50"/>
      </object_component>
      <object_component id="oc-5e">
         <name>.text:decompress:ZI</name>
         <load_address>0x5288</load_address>
         <readonly>true</readonly>
         <executable>true</executable>
         <run_address>0x5288</run_address>
         <size>0x10</size>
         <alignment>0x2</alignment>
         <input_file_ref idref="fl-4b"/>
      </object_component>
      <object_component id="oc-232">
         <name>.text.OUTLINED_FUNCTION_0</name>
         <load_address>0x5298</load_address>
         <readonly>true</readonly>
         <executable>true</executable>
         <run_address>0x5298</run_address>
         <size>0xe</size>
         <alignment>0x2</alignment>
         <input_file_ref idref="fl-45"/>
      </object_component>
      <object_component id="oc-149">
         <name>.text.ST7735_lseek</name>
         <load_address>0x52a6</load_address>
         <readonly>true</readonly>
         <executable>true</executable>
         <run_address>0x52a6</run_address>
         <size>0xe</size>
         <alignment>0x2</alignment>
         <input_file_ref idref="fl-b"/>
      </object_component>
      <object_component id="oc-239">
         <name>.text.__aeabi_memset</name>
         <load_address>0x52b4</load_address>
         <readonly>true</readonly>
         <executable>true</executable>
         <run_address>0x52b4</run_address>
         <size>0xe</size>
[...]
         <value>0x0</value>
      </symbol>
      <symbol id="sm-22c">
         <name>__TI_ATRegion2_trg_addr</name>
         <value>0x0</value>
      </symbol>
      <symbol id="sm-22d">
         <name>__TI_ATRegion2_region_sz</name>
         <value>0x0</value>
      </symbol>
      <symbol id="sm-23e">
         <name>printf</name>
         <value>0x4329</value>
         <object_component_ref idref="oc-db"/>
      </symbol>
      <symbol id="sm-287">
         <name>__TI_printfi</name>
         <value>0xc1</value>
         <object_component_ref idref="oc-1d4"/>
      </symbol>
      <symbol id="sm-2a0">
         <name>fopen</name>
         <value>0x4de9</value>
         <object_component_ref idref="oc-13c"/>
      </symbol>
      <symbol id="sm-2a1">
         <name>__TI_cleanup</name>
         <value>0x4c51</value>
         <object_component_ref idref="oc-1c0"/>
      </symbol>
      <symbol id="sm-2a2">
         <name>freopen</name>
         <value>0x4d55</value>
         <object_component_ref idref="oc-142"/>
      </symbol>
      <symbol id="sm-2ad">
         <name>fputc</name>
         <value>0x3805</value>
         <object_component_ref idref="oc-1e1"/>
      </symbol>
      <symbol id="sm-2b8">
         <name>fputs</name>
         <value>0x2c09</value>
         <object_component_ref idref="oc-1db"/>
      </symbol>
      <symbol id="sm-2c2">
         <name>__TI_wrt_ok</name>
         <value>0x413f</value>
         <object_component_ref idref="oc-25f"/>
      </symbol>
      <symbol id="sm-2cc">
         <name>setvbuf</name>
         <value>0x3195</value>
         <object_component_ref idref="oc-143"/>
      </symbol>
      <symbol id="sm-2d7">
         <name>__aeabi_errno_addr</name>
         <value>0x5371</value>
         <object_component_ref idref="oc-249"/>
      </symbol>
      <symbol id="sm-2d8">
         <name>__aeabi_errno</name>
         <value>0x20200600</value>
         <object_component_ref idref="oc-2af"/>
      </symbol>
      <symbol id="sm-2e6">
         <name>abort</name>
         <value>0x53a1</value>
         <object_component_ref idref="oc-10f"/>
      </symbol>
      <symbol id="sm-2e7">
         <name>__TI_cleanup_ptr</name>
         <value>0x202005c0</value>
         <object_component_ref idref="oc-192"/>
      </symbol>
      <symbol id="sm-2e8">
         <name>__TI_dtors_ptr</name>
         <value>0x202005c4</value>
         <object_component_ref idref="oc-192"/>
      </symbol>
      <symbol id="sm-2e9">
         <name>exit</name>
         <value>0x4ced</value>
         <object_component_ref idref="oc-114"/>
      </symbol>
      <symbol id="sm-2f2">
         <name>_nop</name>
         <value>0x36c7</value>
         <object_component_ref idref="oc-1d5"/>
      </symbol>
      <symbol id="sm-2f3">
         <name>_lock</name>
         <value>0x20200604</value>
         <object_component_ref idref="oc-178"/>
      </symbol>
      <symbol id="sm-2f4">
         <name>_unlock</name>
         <value>0x20200608</value>
         <object_component_ref idref="oc-17c"/>
      </symbol>
      <symbol id="sm-2fd">
         <name>__TI_ltoa</name>
         <value>0x448d</value>
         <object_component_ref idref="oc-2c9"/>
      </symbol>
      <symbol id="sm-308">
         <name>atoi</name>
         <value>0x4a1d</value>
         <object_component_ref idref="oc-241"/>
      </symbol>
      <symbol id="sm-30d">
         <name>_ftable</name>
         <value>0x20200408</value>
         <object_component_ref idref="oc-150"/>
      </symbol>
      <symbol id="sm-30e">
         <name>__TI_ft_end</name>
         <value>0x202005fc</value>
         <object_component_ref idref="oc-21b"/>
      </symbol>
      <symbol id="sm-30f">
         <name>__TI_tmpnams</name>
         <value>0x20200210</value>
         <object_component_ref idref="oc-22e"/>
      </symbol>
      <symbol id="sm-318">
         <name>memccpy</name>
         <value>0x5005</value>
         <object_component_ref idref="oc-23a"/>
      </symbol>
      <symbol id="sm-33b">
         <name>malloc</name>
         <value>0x5321</value>
         <object_component_ref idref="oc-1bf"/>
      </symbol>
      <symbol id="sm-33c">
         <name>aligned_alloc</name>
         <value>0x28f1</value>
         <object_component_ref idref="oc-234"/>
      </symbol>
      <symbol id="sm-33d">
         <name>free</name>
         <value>0x2fc9</value>
         <object_component_ref idref="oc-1bd"/>
      </symbol>
      <symbol id="sm-33e">
         <name>_sys_memory</name>
         <value>0x20200628</value>
         <object_component_ref idref="oc-2f"/>
      </symbol>
      <symbol id="sm-33f">
         <name>memalign</name>
         <value>0x28f1</value>
         <object_component_ref idref="oc-234"/>
      </symbol>
      <symbol id="sm-34a">
         <name>_c_int00_noargs</name>
         <value>0x4fb9</value>
         <object_component_ref idref="oc-61"/>
      </symbol>
      <symbol id="sm-34b">
         <name>__stack</name>
         <value>0x20207e00</value>
         <object_component_ref idref="oc-1a"/>
      </symbol>
      <symbol id="sm-357">
         <name>__TI_auto_init_nobinit_nopinit</name>
         <value>0x4a99</value>
         <object_component_ref idref="oc-116"/>
      </symbol>
      <symbol id="sm-35f">
         <name>_system_pre_init</name>
         <value>0x53ab</value>
         <object_component_ref idref="oc-91"/>
      </symbol>
      <symbol id="sm-36a">
         <name>__TI_zero_init</name>
         <value>0x5289</value>
         <object_component_ref idref="oc-5e"/>
      </symbol>
      <symbol id="sm-373">
         <name>__TI_decompress_none</name>
         <value>0x5227</value>
         <object_component_ref idref="oc-20"/>
      </symbol>
      <symbol id="sm-37e">
         <name>__TI_decompress_lzss</name>
         <value>0x3ce5</value>
         <object_component_ref idref="oc-1c"/>
      </symbol>
      <symbol id="sm-388">
         <name>frexp</name>
         <value>0x42cd</value>
         <object_component_ref idref="oc-2bd"/>
      </symbol>
      <symbol id="sm-389">
         <name>frexpl</name>
         <value>0x42cd</value>
         <object_component_ref idref="oc-2bd"/>
      </symbol>
      <symbol id="sm-393">
         <name>scalbn</name>
         <value>0x3275</value>
         <object_component_ref idref="oc-2c1"/>
      </symbol>
      <symbol id="sm-394">
         <name>ldexp</name>
         <value>0x3275</value>
         <object_component_ref idref="oc-2c1"/>
      </symbol>
      <symbol id="sm-395">
         <name>scalbnl</name>
         <value>0x3275</value>
         <object_component_ref idref="oc-2c1"/>
      </symbol>
      <symbol id="sm-396">
         <name>ldexpl</name>
         <value>0x3275</value>
         <object_component_ref idref="oc-2c1"/>
      </symbol>
      <symbol id="sm-39f">
         <name>wcslen</name>
         <value>0x5279</value>
         <object_component_ref idref="oc-245"/>
      </symbol>
      <symbol id="sm-3ab">
         <name>__TI_closefile</name>
         <value>0x3c69</value>
         <object_component_ref idref="oc-1b7"/>
      </symbol>
      <symbol id="sm-3b5">
         <name>__TI_doflush</name>
         <value>0x45e9</value>
         <object_component_ref idref="oc-220"/>
      </symbol>
      <symbol id="sm-3c2">
         <name>fseek</name>
         <value>0x5391</value>
         <object_component_ref idref="oc-2ec"/>
      </symbol>
      <symbol id="sm-3c3">
         <name>fseeko</name>
         <value>0x3f99</value>
         <object_component_ref idref="oc-319"/>
      </symbol>
      <symbol id="sm-3c4">
         <name>__aeabi_ctype_table_</name>
         <value>0x7ab0</value>
         <object_component_ref idref="oc-2a8"/>
      </symbol>
      <symbol id="sm-3c5">
         <name>__aeabi_ctype_table_C</name>
         <value>0x7ab0</value>
         <object_component_ref idref="oc-2a8"/>
      </symbol>
      <symbol id="sm-3ce">
         <name>HOSTexit</name>
         <value>0x3add</value>
         <object_component_ref idref="oc-18c"/>
      </symbol>
      <symbol id="sm-3cf">
         <name>C$$EXIT</name>
         <value>0x3adc</value>
         <object_component_ref idref="oc-18c"/>
      </symbol>
      <symbol id="sm-3d9">
         <name>write</name>
         <value>0x4f91</value>
         <object_component_ref idref="oc-265"/>
      </symbol>
      <symbol id="sm-3de">
         <name>_device</name>
         <value>0x202004f8</value>
         <object_component_ref idref="oc-1ae"/>
      </symbol>
      <symbol id="sm-3df">
         <name>_stream</name>
         <value>0x20200570</value>
         <object_component_ref idref="oc-290"/>
      </symbol>
      <symbol id="sm-3e8">
         <name>remove</name>
         <value>0x5399</value>
         <object_component_ref idref="oc-22a"/>
      </symbol>
      <symbol id="sm-3f4">
         <name>open</name>
         <value>0x36c9</value>
         <object_component_ref idref="oc-21c"/>
      </symbol>
      <symbol id="sm-3fe">
         <name>lseek</name>
         <value>0x4f69</value>
         <object_component_ref idref="oc-31e"/>
      </symbol>
      <symbol id="sm-408">
         <name>close</name>
         <value>0x468d</value>
         <object_component_ref idref="oc-226"/>
      </symbol>
      <symbol id="sm-414">
         <name>add_device</name>
         <value>0x2df5</value>
         <object_component_ref idref="oc-138"/>
      </symbol>
      <symbol id="sm-41e">
         <name>unlink</name>
         <value>0x4e9d</value>
         <object_component_ref idref="oc-299"/>
      </symbol>
      <symbol id="sm-428">
         <name>HOSTclose</name>
         <value>0x47c1</value>
         <object_component_ref idref="oc-1fe"/>
      </symbol>
      <symbol id="sm-432">
         <name>HOSTlseek</name>
         <value>0x3ec1</value>
         <object_component_ref idref="oc-20a"/>
      </symbol>
      <symbol id="sm-43c">
         <name>HOSTopen</name>
         <value>0x426d</value>
         <object_component_ref idref="oc-1fa"/>
      </symbol>
      <symbol id="sm-43d">
         <name>parmbuf</name>
         <value>0x202003d8</value>
         <object_component_ref idref="oc-277"/>
      </symbol>
      <symbol id="sm-447">
         <name>HOSTread</name>
         <value>0x4385</value>
         <object_component_ref idref="oc-202"/>
      </symbol>
      <symbol id="sm-458">
         <name>HOSTrename</name>
         <value>0x3f2d</value>
         <object_component_ref idref="oc-212"/>
      </symbol>
      <symbol id="sm-462">
         <name>HOSTunlink</name>
         <value>0x4809</value>
         <object_component_ref idref="oc-20e"/>
      </symbol>
      <symbol id="sm-46c">
         <name>HOSTwrite</name>
         <value>0x43dd</value>
         <object_component_ref idref="oc-206"/>
      </symbol>
      <symbol id="sm-47a">
         <name>C$$IO$$</name>
         <value>0x4ce5</value>
         <object_component_ref idref="oc-270"/>
      </symbol>
      <symbol id="sm-47b">
         <name>__TI_writemsg</name>
         <value>0x4cb9</value>
         <object_component_ref idref="oc-270"/>
      </symbol>
      <symbol id="sm-47c">
         <name>__CIOBUF_</name>
         <value>0x20200000</value>
         <object_component_ref idref="oc-2f8"/>
      </symbol>
      <symbol id="sm-47d">
         <name>__TI_readmsg</name>
         <value>0x4c85</value>
         <object_component_ref idref="oc-276"/>
      </symbol>
      <symbol id="sm-47e">
         <name>_CIOBUF_</name>
         <value>0x20200000</value>
         <object_component_ref idref="oc-2f8"/>
      </symbol>
      <symbol id="sm-484">
         <name>__aeabi_dadd</name>
         <value>0x1f07</value>
         <object_component_ref idref="oc-2e6"/>
      </symbol>
      <symbol id="sm-485">
         <name>__adddf3</name>
         <value>0x1f07</value>
         <object_component_ref idref="oc-2e6"/>
      </symbol>
      <symbol id="sm-486">
         <name>__aeabi_dsub</name>
         <value>0x1efd</value>
         <object_component_ref idref="oc-2e6"/>
      </symbol>
      <symbol id="sm-487">
         <name>__subdf3</name>
         <value>0x1efd</value>
         <object_component_ref idref="oc-2e6"/>
      </symbol>
      <symbol id="sm-490">
         <name>__aeabi_dmul</name>
         <value>0x30b1</value>
         <object_component_ref idref="oc-2d2"/>
      </symbol>
      <symbol id="sm-491">
         <name>__muldf3</name>
         <value>0x30b1</value>
         <object_component_ref idref="oc-2d2"/>
      </symbol>
      <symbol id="sm-497">
         <name>__muldsi3</name>
         <value>0x4ad5</value>
         <object_component_ref idref="oc-2b3"/>
      </symbol>
      <symbol id="sm-49d">
         <name>__aeabi_ddiv</name>
         <value>0x2a05</value>
         <object_component_ref idref="oc-2e2"/>
      </symbol>
      <symbol id="sm-49e">
         <name>__divdf3</name>
         <value>0x2a05</value>
         <object_component_ref idref="oc-2e2"/>
      </symbol>
      <symbol id="sm-4a4">
         <name>__aeabi_d2iz</name>
         <value>0x4775</value>
         <object_component_ref idref="oc-2c5"/>
      </symbol>
      <symbol id="sm-4a5">
         <name>__fixdfsi</name>
         <value>0x4775</value>
         <object_component_ref idref="oc-2c5"/>
      </symbol>
      <symbol id="sm-4ab">
         <name>__aeabi_i2d</name>
         <value>0x4e71</value>
         <object_component_ref idref="oc-2cd"/>
      </symbol>
      <symbol id="sm-4ac">
         <name>__floatsidf</name>
         <value>0x4e71</value>
         <object_component_ref idref="oc-2cd"/>
      </symbol>
      <symbol id="sm-4b2">
         <name>__aeabi_lmul</name>
         <value>0x4fe1</value>
         <object_component_ref idref="oc-24e"/>
      </symbol>
      <symbol id="sm-4b3">
         <name>__muldi3</name>
         <value>0x4fe1</value>
         <object_component_ref idref="oc-24e"/>
      </symbol>
      <symbol id="sm-4b9">
         <name>__aeabi_dcmpeq</name>
         <value>0x4209</value>
         <object_component_ref idref="oc-258"/>
      </symbol>
      <symbol id="sm-4ba">
         <name>__aeabi_dcmplt</name>
         <value>0x421d</value>
         <object_component_ref idref="oc-258"/>
      </symbol>
      <symbol id="sm-4bb">
         <name>__aeabi_dcmple</name>
         <value>0x4231</value>
         <object_component_ref idref="oc-258"/>
      </symbol>
      <symbol id="sm-4bc">
         <name>__aeabi_dcmpge</name>
         <value>0x4245</value>
         <object_component_ref idref="oc-258"/>
      </symbol>
      <symbol id="sm-4bd">
         <name>__aeabi_dcmpgt</name>
         <value>0x4259</value>
         <object_component_ref idref="oc-258"/>
      </symbol>
      <symbol id="sm-4c3">
         <name>__aeabi_idiv</name>
         <value>0x453d</value>
         <object_component_ref idref="oc-30c"/>
      </symbol>
      <symbol id="sm-4c4">
         <name>__aeabi_idivmod</name>
         <value>0x453d</value>
         <object_component_ref idref="oc-30c"/>
      </symbol>
      <symbol id="sm-4ca">
         <name>__aeabi_memcpy</name>
         <value>0x5379</value>
         <object_component_ref idref="oc-51"/>
      </symbol>
      <symbol id="sm-4cb">
         <name>__aeabi_memcpy4</name>
         <value>0x5379</value>
         <object_component_ref idref="oc-51"/>
      </symbol>
      <symbol id="sm-4cc">
         <name>__aeabi_memcpy8</name>
         <value>0x5379</value>
         <object_component_ref idref="oc-51"/>
      </symbol>
      <symbol id="sm-4d5">
         <name>__aeabi_memset</name>
         <value>0x52b5</value>
         <object_component_ref idref="oc-239"/>
      </symbol>
      <symbol id="sm-4d6">
         <name>__aeabi_memset4</name>
         <value>0x52b5</value>
         <object_component_ref idref="oc-239"/>
      </symbol>
      <symbol id="sm-4d7">
         <name>__aeabi_memset8</name>
         <value>0x52b5</value>
         <object_component_ref idref="oc-239"/>
      </symbol>
      <symbol id="sm-4d8">
         <name>__aeabi_memclr</name>
         <value>0x5315</value>
         <object_component_ref idref="oc-8c"/>
      </symbol>
      <symbol id="sm-4d9">
         <name>__aeabi_memclr4</name>
         <value>0x5315</value>
         <object_component_ref idref="oc-8c"/>
      </symbol>
      <symbol id="sm-4da">
         <name>__aeabi_memclr8</name>
         <value>0x5315</value>
         <object_component_ref idref="oc-8c"/>
      </symbol>
      <symbol id="sm-4e0">
         <name>__aeabi_uidiv</name>
         <value>0x499d</value>
         <object_component_ref idref="oc-fa"/>
      </symbol>
      <symbol id="sm-4e1">
         <name>__aeabi_uidivmod</name>
         <value>0x499d</value>
         <object_component_ref idref="oc-fa"/>
      </symbol>
      <symbol id="sm-4e7">
         <name>__aeabi_uldivmod</name>
         <value>0x51ed</value>
         <object_component_ref idref="oc-253"/>
      </symbol>
      <symbol id="sm-4ed">
         <name>__udivmoddi4</name>
         <value>0x3625</value>
         <object_component_ref idref="oc-2b8"/>
      </symbol>
      <symbol id="sm-4f3">
         <name>__aeabi_llsl</name>
         <value>0x5089</value>
         <object_component_ref idref="oc-300"/>
      </symbol>
      <symbol id="sm-4f4">
         <name>__ashldi3</name>
         <value>0x5089</value>
         <object_component_ref idref="oc-300"/>
      </symbol>
      <symbol id="sm-502">
         <name>__ledf2</name>
         <value>0x4071</value>
         <object_component_ref idref="oc-2da"/>
      </symbol>
      <symbol id="sm-503">
         <name>__gedf2</name>
         <value>0x3dd9</value>
         <object_component_ref idref="oc-2e0"/>
      </symbol>
      <symbol id="sm-504">
         <name>__cmpdf2</name>
         <value>0x4071</value>
         <object_component_ref idref="oc-2da"/>
      </symbol>
      <symbol id="sm-505">
         <name>__eqdf2</name>
         <value>0x4071</value>
         <object_component_ref idref="oc-2da"/>
      </symbol>
      <symbol id="sm-506">
         <name>__ltdf2</name>
         <value>0x4071</value>
         <object_component_ref idref="oc-2da"/>
      </symbol>
      <symbol id="sm-507">
         <name>__nedf2</name>
         <value>0x4071</value>
         <object_component_ref idref="oc-2da"/>
      </symbol>
      <symbol id="sm-508">
         <name>__gtdf2</name>
         <value>0x3dd9</value>
         <object_component_ref idref="oc-2e0"/>
      </symbol>
      <symbol id="sm-514">
         <name>__aeabi_idiv0</name>
         <value>0x208f</value>
         <object_component_ref idref="oc-186"/>
      </symbol>
      <symbol id="sm-515">
         <name>__aeabi_ldiv0</name>
         <value>0x3623</value>
         <object_component_ref idref="oc-2ff"/>
      </symbol>
      <symbol id="sm-523">
         <name>finddevice</name>
         <value>0x4d21</value>
         <object_component_ref idref="oc-1a7"/>
      </symbol>
      <symbol id="sm-524">
         <name>getdevice</name>
         <value>0x4005</value>
         <object_component_ref idref="oc-28e"/>
      </symbol>
      <symbol id="sm-52d">
         <name>TI_memcpy_small</name>
         <value>0x5215</value>
         <object_component_ref idref="oc-a9"/>
      </symbol>
      <symbol id="sm-536">
         <name>TI_memset_small</name>
         <value>0x52ed</value>
         <object_component_ref idref="oc-129"/>
      </symbol>
      <symbol id="sm-53e">
         <name>strcmp</name>
         <value>0x3ae1</value>
         <object_component_ref idref="oc-1f4"/>
      </symbol>
      <symbol id="sm-53f">
         <name>__TI_static_base__</name>
         <value>0x0</value>
      </symbol>
      <symbol id="sm-543">
         <name>__mpu_init</name>
         <value>0x0</value>
      </symbol>
      <symbol id="sm-544">
         <name>_system_post_cinit</name>
         <value>0x0</value>
      </symbol>
   </symbol_table>
   <title>Link successful</title>
</link_info>
