******************************************************************************
            TI ARM Clang Linker PC v4.0.4                      
******************************************************************************
>> Linked Mon Apr 20 18:04:28 2026

OUTPUT FILE NAME:   <ECE319K_Lab9.out>
ENTRY POINT SYMBOL: "_c_int00_noargs"  address: 00004fb9


MEMORY CONFIGURATION

         name            origin    length      used     unused   attr    fill
----------------------  --------  ---------  --------  --------  ----  --------
  FLASH                 00000000   00020000  00007f18  000180e8  R  X
  SRAM                  20200000   00008000  00000a25  000075db  RW X
  BCR_CONFIG            41c00000   00000080  00000000  00000080  R   
  BSL_CONFIG            41c00100   00000080  00000000  00000080  R   


SEGMENT ALLOCATION MAP

run origin  load origin   length   init length attrs members
----------  ----------- ---------- ----------- ----- -------
00000000    00000000    00007f18   00007f18    r-x
  00000000    00000000    000000c0   000000c0    r-- .intvecs
  000000c0    000000c0    000052f0   000052f0    r-x .text
  000053b0    000053b0    00002ad0   00002ad0    r-- .rodata
  00007e80    00007e80    00000098   00000098    r-- .cinit
20200000    20200000    00000828   00000000    rw-
  20200000    20200000    00000408   00000000    rw- .bss
  20200408    20200408    0000021d   00000000    rw- .data
  20200628    20200628    00000200   00000000    rw- .sysmem
20207e00    20207e00    00000200   00000000    rw-
  20207e00    20207e00    00000200   00000000    rw- .stack


SECTION ALLOCATION MAP

 output                                  attributes/
section   page    origin      length       input sections
--------  ----  ----------  ----------   ----------------
.intvecs   0    00000000    000000c0     
                  00000000    000000c0     startup_mspm0g3507_ticlang.o (.intvecs)

.text      0    000000c0    000052f0     
                  000000c0    000009d0     libc.a : _printfi.c.obj (.text:__TI_printfi)
                  00000a90    00000730     Lab9Main.o (.text.main)
                  000011c0    00000224     GameController.o (.text.CheckCollisions)
                  000013e4    00000220     libc.a : _printfi.c.obj (.text._pconv_a)
                  00001604    00000210     ST7735.o (.text.ST7735_DrawBitmap)
                  00001814    000001dc     libc.a : _printfi.c.obj (.text._pconv_g)
                  000019f0    000001b4     Clock.o (.text.Clock_Init80MHz)
                  00001ba4    000001b0     GameController.o (.text.Game_Update)
                  00001d54    000001a8     ST7735.o (.text.ST7735_DrawChar)
                  00001efc    00000192     libclang_rt.builtins.a : adddf3.S.obj (.text.adddf3_subdf3)
                  0000208e    00000002                            : aeabi_div0.c.obj (.text.__aeabi_idiv0)
                  00002090    0000015c     GameController.o (.text.Game_Init)
                  000021ec    00000154     libc.a : fopen.c.obj (.text._openfile)
                  00002340    0000013c            : _printfi.c.obj (.text.fcvt)
                  0000247c    00000128     TExaS.o (.text.ADC_Init)
                  000025a4    00000120     libc.a : _printfi.c.obj (.text._pconv_e)
                  000026c4    00000118     ST7735.o (.text.ST7735_FillRect)
                  000027dc    00000114     GameController.o (.text.Game_Spawn)
                  000028f0    00000114     libc.a : memory.c.obj (.text.aligned_alloc)
                  00002a04    0000010c     libclang_rt.builtins.a : divdf3.S.obj (.text.__divdf3)
                  00002b10    000000f8     SPI.o (.text.SPI_Init)
                  00002c08    000000f8     libc.a : fputs.c.obj (.text.fputs)
                  00002d00    000000f4     ST7735.o (.text.ST7735_SetRotation)
                  00002df4    000000ec     libsysbm.a : add_device.c.obj (.text.add_device)
                  00002ee0    000000e8     TExaS.o (.text.UART_Init)
                  00002fc8    000000e8     libc.a : memory.c.obj (.text.free)
                  000030b0    000000e4     libclang_rt.builtins.a : muldf3.S.obj (.text.__muldf3)
                  00003194    000000e0     libc.a : setvbuf.c.obj (.text.setvbuf)
                  00003274    000000d8            : s_scalbn.c.obj (.text.scalbn)
                  0000334c    000000d0     ST7735.o (.text.ST7735_OutChar)
                  0000341c    000000bc     GameController.o (.text.Game_Ult)
                  000034d8    000000a8     Timer.o (.text.TimerG7_IntArm)
                  00003580    000000a2     ST7735.o (.text.commandList)
                  00003622    00000002     libclang_rt.builtins.a : aeabi_div0.c.obj (.text.__aeabi_ldiv0)
                  00003624    000000a2                            : udivmoddi4.S.obj (.text)
                  000036c6    00000002     libc.a : _lock.c.obj (.text._nop)
                  000036c8    000000a0     libsysbm.a : open.c.obj (.text.open)
                  00003768    0000009c     ST7735.o (.text.ST7735_InitPrintf)
                  00003804    0000009c     libc.a : fputc.c.obj (.text.fputc)
                  000038a0    00000098     ST7735.o (.text.ST7735_InitR)
                  00003938    00000094     Timer.o (.text.TimerG12_IntArm)
                  000039cc    00000088     GameController.o (.text.Game_Shoot)
                  00003a54    00000088     ST7735.o (.text.setAddrWindow)
                  00003adc    00000004     libsysbm.a : hostexit.c.obj (.text.HOSTexit)
                  00003ae0    00000088     libc.a : strcmp-armv6m.S.obj (.text:strcmp)
                  00003b68    00000084     ST7735.o (.text.ST7735_DrawString)
                  00003bec    0000007c     LaunchPad.o (.text.LaunchPad_Init)
                  00003c68    0000007c     libc.a : fclose.c.obj (.text.__TI_closefile)
                  00003ce4    0000007c            : copy_decompress_lzss.c.obj (.text:decompress:lzss)
                  00003d60    00000078     ADC1.o (.text.ADCinit)
                  00003dd8    00000074     libclang_rt.builtins.a : comparedf2.c.obj (.text.__gedf2)
                  00003e4c    00000072     GameController.o (.text.DetectOverlap)
                  00003ebe    00000002     --HOLE-- [fill = 0]
                  00003ec0    0000006c     libsysbm.a : hostlseek.c.obj (.text.HOSTlseek)
                  00003f2c    0000006c                : hostrename.c.obj (.text.HOSTrename)
                  00003f98    0000006c     libc.a : fseek.c.obj (.text.fseeko)
                  00004004    0000006c            : getdevice.c.obj (.text.getdevice)
                  00004070    00000068     libclang_rt.builtins.a : comparedf2.c.obj (.text.__ledf2)
                  000040d8    00000066     libc.a : _printfi.c.obj (.text._mcpy)
                  0000413e    00000064            : _io_perm.c.obj (.text.__TI_wrt_ok)
                  000041a2    00000002     --HOLE-- [fill = 0]
                  000041a4    00000064            : memory.c.obj (.text.split)
                  00004208    00000062     libclang_rt.builtins.a : aeabi_dcmp.S.obj (.text.__aeabi_dcmp)
                  0000426a    00000002     --HOLE-- [fill = 0]
                  0000426c    00000060     libsysbm.a : hostopen.c.obj (.text.HOSTopen)
                  000042cc    0000005c     libc.a : s_frexp.c.obj (.text.frexp)
                  00004328    0000005c            : printf.c.obj (.text.printf)
                  00004384    00000058     libsysbm.a : hostread.c.obj (.text.HOSTread)
                  000043dc    00000058                : hostwrite.c.obj (.text.HOSTwrite)
                  00004434    00000058     TExaS.o (.text.TExaS_Init)
                  0000448c    00000058     libc.a : _ltoa.c.obj (.text.__TI_ltoa)
                  000044e4    00000058            : _printfi.c.obj (.text._pconv_f)
                  0000453c    00000056     libclang_rt.builtins.a : aeabi_idivmod.S.obj (.text.__aeabi_idivmod)
                  00004592    00000002     --HOLE-- [fill = 0]
                  00004594    00000054     Lab9Main.o (.text.TIMG12_IRQHandler)
                  000045e8    00000052     libc.a : fflush.c.obj (.text.__TI_doflush)
                  0000463a    00000052            : _printfi.c.obj (.text._ecpy)
                  0000468c    00000050     libsysbm.a : close.c.obj (.text.close)
                  000046dc    0000004c     FIFO1.o (.text.Fifo1_Get)
                  00004728    0000004c     FIFO1.o (.text.Fifo1_Put)
                  00004774    0000004a     libclang_rt.builtins.a : fixdfsi.S.obj (.text.__fixdfsi)
                  000047be    00000002     --HOLE-- [fill = 0]
                  000047c0    00000048     libsysbm.a : hostclose.c.obj (.text.HOSTclose)
                  00004808    00000048                : hostunlink.c.obj (.text.HOSTunlink)
                  00004850    00000048     SPI.o (.text.SPI_OutCommand)
                  00004898    00000044     ADC1.o (.text.ADCin)
                  000048dc    00000040     SPI.o (.text.SPI_Reset)
                  0000491c    00000040     Sound.o (.text.SysTick_Handler)
                  0000495c    00000040     TExaS.o (.text.TIMG7_IRQHandler)
                  0000499c    00000040     libclang_rt.builtins.a : aeabi_uidivmod.S.obj (.text.__aeabi_uidivmod)
                  000049dc    00000040     libc.a : fopen.c.obj (.text._search_fp)
                  00004a1c    00000040            : atoi.c.obj (.text.atoi)
                  00004a5c    0000003c     DAC5.o (.text.DAC5_Init)
                  00004a98    0000003c     libc.a : autoinit.c.obj (.text:__TI_auto_init_nobinit_nopinit)
                  00004ad4    0000003a     libclang_rt.builtins.a : muldsi3.S.obj (.text.__muldsi3)
                  00004b0e    00000002     --HOLE-- [fill = 0]
                  00004b10    00000038     LaunchPad.o (.text.ActivatePortA_B)
                  00004b48    00000038     SPI.o (.text.SPI_OutData)
                  00004b80    00000034     Clock.o (.text.Clock_Delay1ms)
                  00004bb4    00000034     LED.o (.text.LED_Init)
                  00004be8    00000034     ST7735.o (.text.ST7735_SetCursor)
                  00004c1c    00000034     ST7735.o (.text.ST7735_write)
                  00004c50    00000034     libc.a : fopen.c.obj (.text.__TI_cleanup)
                  00004c84    00000034     libsysbm.a : trgmsg.c.obj (.text.__TI_readmsg)
                  00004cb8    00000034                : trgmsg.c.obj (.text.__TI_writemsg)
                  00004cec    00000034     libc.a : exit.c.obj (.text.exit)
                  00004d20    00000034            : getdevice.c.obj (.text.finddevice)
                  00004d54    00000034            : fopen.c.obj (.text.freopen)
                  00004d88    00000030            : _printfi.c.obj (.text._fcpy)
                  00004db8    00000030     ST7735.o (.text.commonInit)
                  00004de8    00000030     libc.a : fopen.c.obj (.text.fopen)
                  00004e18    0000002c     ST7735.o (.text.ST7735_FillScreen)
                  00004e44    0000002c     Sound.o (.text.SysTick_IntArm)
                  00004e70    0000002c     libclang_rt.builtins.a : floatsidf.S.obj (.text.__floatsidf)
                  00004e9c    0000002c     libsysbm.a : unlink.c.obj (.text.unlink)
                  00004ec8    00000028     TExaS.o (.text.ADC_Start)
                  00004ef0    00000028     Sound.o (.text.Sound_Init)
                  00004f18    00000028     Switch.o (.text.Switch_Init)
                  00004f40    00000028     libc.a : memory.c.obj (.text.free_list_insert)
                  00004f68    00000028     libsysbm.a : lseek.c.obj (.text.lseek)
                  00004f90    00000028                : write.c.obj (.text.write)
                  00004fb8    00000028     libc.a : boot_cortex_m.c.obj (.text:_c_int00_noargs)
                  00004fe0    00000024     libclang_rt.builtins.a : muldi3.S.obj (.text.__muldi3)
                  00005004    00000022     libc.a : memccpy.c.obj (.text.memccpy)
                  00005026    00000002     --HOLE-- [fill = 0]
                  00005028    00000020     GameController.o (.text.Random32)
                  00005048    00000020     Sound.o (.text.Sound_Start)
                  00005068    00000020     Switch.o (.text.Switch_In)
                  00005088    0000001e     libclang_rt.builtins.a : ashldi3.S.obj (.text.__ashldi3)
                  000050a6    0000001e     ST7735.o (.text.pushColor)
                  000050c4    0000001c     DAC5.o (.text.DAC5_Out)
                  000050e0    0000001c     startup_mspm0g3507_ticlang.o (.text.Default_Handler)
                  000050fc    0000001c     startup_mspm0g3507_ticlang.o (.text.HardFault_Handler)
                  00005118    0000001c     GameController.o (.text.MoveSubmarine)
                  00005134    0000001c     libc.a : memory.c.obj (.text.free_list_remove)
                  00005150    00000018     LED.o (.text.LED_Off)
                  00005168    00000018     LED.o (.text.LED_On)
                  00005180    00000018     GameController.o (.text.Random)
                  00005198    00000016     ST7735.o (.text.ST7735_open)
                  000051ae    00000016     ST7735.o (.text.ST7735_read)
                  000051c4    00000014     Sound.o (.text.Sound_Killed)
                  000051d8    00000014     Sound.o (.text.Sound_Shoot)
                  000051ec    00000014     libclang_rt.builtins.a : aeabi_uldivmod.S.obj (.text.__aeabi_uldivmod)
                  00005200    00000014     libc.a : _printfi.c.obj (.text.strchr)
                  00005214    00000012            : memcpy16.S.obj (.text:TI_memcpy_small)
                  00005226    00000012            : copy_decompress_none.c.obj (.text:decompress:none)
                  00005238    00000010     Clock.o (.text.Clock_Delay)
                  00005248    00000010     ADC1.o (.text.Convert)
                  00005258    00000010     LaunchPad.o (.text.Delay)
                  00005268    00000010     Lab9Main.o (.text.TExaS_LaunchPadLogicPB27PB26)
                  00005278    00000010     libc.a : wcslen.c.obj (.text.wcslen)
                  00005288    00000010            : copy_zero_init.c.obj (.text:decompress:ZI)
                  00005298    0000000e            : memory.c.obj (.text.OUTLINED_FUNCTION_0)
                  000052a6    0000000e     ST7735.o (.text.ST7735_lseek)
                  000052b4    0000000e     libclang_rt.builtins.a : aeabi_memset.S.obj (.text.__aeabi_memset)
                  000052c2    0000000e     libsysbm.a : hostrename.c.obj (.text.strcpy)
                  000052d0    0000000e     libc.a : _printfi.c.obj (.text.strlen)
                  000052de    0000000e     libsysbm.a : hostrename.c.obj (.text.strlen)
                  000052ec    0000000e     libc.a : memset16.S.obj (.text:TI_memset_small)
                  000052fa    00000002     --HOLE-- [fill = 0]
                  000052fc    0000000c     Clock.o (.text.Clock_Freq)
                  00005308    0000000c     ST7735.o (.text.ST7735_rename)
                  00005314    0000000c     libclang_rt.builtins.a : aeabi_memset.S.obj (.text.__aeabi_memclr)
                  00005320    0000000c     libc.a : memory.c.obj (.text.malloc)
                  0000532c    0000000a            : _printfi.c.obj (.text.OUTLINED_FUNCTION_0)
                  00005336    00000002     --HOLE-- [fill = 0]
                  00005338    00000010     libclang_rt.builtins.a : adddf3.S.obj (.tramp.__aeabi_dsub.1)
                  00005348    0000000a     libc.a : _printfi.c.obj (.text.OUTLINED_FUNCTION_1)
                  00005352    0000000a     Lab9Main.o (.text.PLL_Init)
                  0000535c    0000000a     ST7735.o (.text.ST7735_close)
                  00005366    0000000a     ST7735.o (.text.ST7735_unlink)
                  00005370    00000008     libc.a : aeabi_portable.c.obj (.text.__aeabi_errno_addr)
                  00005378    00000008     libclang_rt.builtins.a : aeabi_memcpy.S.obj (.text.__aeabi_memcpy)
                  00005380    00000008     libc.a : printf.c.obj (.text._outc)
                  00005388    00000008            : printf.c.obj (.text._outs)
                  00005390    00000008            : fseek.c.obj (.text.fseek)
                  00005398    00000008     libsysbm.a : remove.c.obj (.text.remove)
                  000053a0    00000006     libc.a : exit.c.obj (.text:abort)
                  000053a6    00000004     startup_mspm0g3507_ticlang.o (.text.Reset_Handler)
                  000053aa    00000004     libc.a : pre_init.c.obj (.text._system_pre_init)
                  000053ae    00000002     --HOLE-- [fill = 0]

.cinit     0    00007e80    00000098     
                  00007e80    00000074     (.cinit..data.load) [load image, compression = lzss]
                  00007ef4    0000000c     (__TI_handler_table)
                  00007f00    00000008     (.cinit..bss.load) [load image, compression = zero_init]
                  00007f08    00000010     (__TI_cinit_table)

.rodata    0    000053b0    00002ad0     
                  000053b0    00000ff0     Sound.o (.rodata.shoot)
                  000063a0    00000d31     Sound.o (.rodata.invaderkilled)
                  000070d1    000004fb     ST7735.o (.rodata.Font)
                  000075cc    000003c0     images.o (.rodata.lazer)
                  0000798c    00000120     images.o (.rodata.submarine)
                  00007aac    00000002     ST7735.o (.rodata.str1.4408429423603725162.1)
                  00007aae    00000002     --HOLE-- [fill = 0]
                  00007ab0    00000101     libc.a : aeabi_ctype.S.obj (.rodata:__aeabi_ctype_table_)
                  00007bb1    00000001     --HOLE-- [fill = 0]
                  00007bb2    000000c8     images.o (.rodata.bomb)
                  00007c7a    0000003b     ST7735.o (.rodata.Rcmd1)
                  00007cb5    0000002b     ST7735.o (.rodata.Rcmd3)
                  00007ce0    00000016     ST7735.o (.rodata.str1.2132471336006292093.1)
                  00007cf6    00000014     Lab9Main.o (.rodata.str1.10912311428539069828.1)
                  00007d0a    00000014     Lab9Main.o (.rodata.str1.15173397269044068037.1)
                  00007d1e    00000013     Lab9Main.o (.rodata.str1.11607978590611039532.1)
                  00007d31    00000013     Lab9Main.o (.rodata.str1.13257645979971916210.1)
                  00007d44    00000013     Lab9Main.o (.rodata.str1.2523468298586745346.1)
                  00007d57    00000012     Lab9Main.o (.rodata.str1.11345711001790020619.1)
                  00007d69    00000011     libc.a : _printfi.c.obj (.rodata.str1.10348868589481759720.1)
                  00007d7a    00000011     Lab9Main.o (.rodata.str1.1264071292318471298.1)
                  00007d8b    00000011     Lab9Main.o (.rodata.str1.15327679786664799400.1)
                  00007d9c    00000011     libc.a : _printfi.c.obj (.rodata.str1.15363888844622738466.1)
                  00007dad    00000011     Lab9Main.o (.rodata.str1.15559147168417893312.1)
                  00007dbe    00000011     Lab9Main.o (.rodata.str1.336104853504468649.1)
                  00007dcf    00000011     Lab9Main.o (.rodata.str1.5978245710334724802.1)
                  00007de0    00000011     Lab9Main.o (.rodata.str1.635279466477427710.1)
                  00007df1    00000001     --HOLE-- [fill = 0]
                  00007df2    00000010     images.o (.rodata.bullet)
                  00007e02    00000010     Lab9Main.o (.rodata.str1.15954068218775356138.1)
                  00007e12    0000000f     Lab9Main.o (.rodata.str1.11818004548092502666.1)
                  00007e21    0000000d     ST7735.o (.rodata.Rcmd2green)
                  00007e2e    0000000d     ST7735.o (.rodata.Rcmd2red)
                  00007e3b    0000000d     Lab9Main.o (.rodata.str1.17612660480073915159.1)
                  00007e48    0000000a     Lab9Main.o (.rodata.str1.1552820457024920173.1)
                  00007e52    0000000a     Lab9Main.o (.rodata.str1.3203466171103674007.1)
                  00007e5c    00000009     Lab9Main.o (.rodata.str1.10956894381941128373.1)
                  00007e65    00000008     ST7735.o (.rodata.str1.14694424544768695619.1)
                  00007e6d    00000007     ST7735.o (.rodata.str1.1448485181700679404.1)
                  00007e74    0000000c     --HOLE-- [fill = 0]

.init_array 
*          0    00000000    00000000     UNINITIALIZED

.binit     0    00000000    00000000     

.bss       0    20200000    00000408     UNINITIALIZED
                  20200000    00000120     libsysbm.a : trgmsg.c.obj (.bss:_CIOBUF_)
                  20200120    000000f0     (.common:Bullets)
                  20200210    000000a0     libc.a : defs.c.obj (.bss.__TI_tmpnams)
                  202002b0    00000078     (.common:Bombs)
                  20200328    00000078     (.common:Lasers)
                  202003a0    00000028     (.common:Player)
                  202003c8    00000010     FIFO1.o (.bss.FiFo)
                  202003d8    00000008     libsysbm.a : hostopen.c.obj (.bss.parmbuf)
                  202003e0    00000004     FIFO1.o (.bss.get)
                  202003e4    00000004     FIFO1.o (.bss.put)
                  202003e8    00000004     libc.a : memory.c.obj (.bss.sys_free)
                  202003ec    00000004     (.common:SoundCount)
                  202003f0    00000004     (.common:SoundPt)
                  202003f4    00000004     (.common:TExaSLogic)
                  202003f8    00000004     (.common:TExaSadc)
                  202003fc    00000004     (.common:UltCooldown)
                  20200400    00000004     (.common:UltTimer)
                  20200404    00000001     ST7735.o (.bss.ColStart)
                  20200405    00000001     ST7735.o (.bss.Rotation)
                  20200406    00000001     ST7735.o (.bss.RowStart)
                  20200407    00000001     ST7735.o (.bss.TabColor)

.data      0    20200408    0000021d     UNINITIALIZED
                  20200408    000000f0     libc.a : defs.c.obj (.data._ftable)
                  202004f8    00000078     libsysbm.a : host_device.c.obj (.data._device)
                  20200570    00000050                : host_device.c.obj (.data._stream)
                  202005c0    00000008     libc.a : exit.c.obj (.data..L_MergedGlobals)
                  202005c8    00000004     Lab9Main.o (.data.ADCflag)
                  202005cc    00000004     GameController.o (.data.BombSpawnTimer)
                  202005d0    00000004     Clock.o (.data.BusFreq)
                  202005d4    00000004     GameController.o (.data.DeathFlag)
                  202005d8    00000004     GameController.o (.data.GameTime)
                  202005dc    00000004     GameController.o (.data.HighScore)
                  202005e0    00000004     GameController.o (.data.Language)
                  202005e4    00000004     GameController.o (.data.LaserSpawnTimer)
                  202005e8    00000004     GameController.o (.data.M)
                  202005ec    00000004     GameController.o (.data.Score)
                  202005f0    00000004     GameController.o (.data.ShootFlag)
                  202005f4    00000004     ST7735.o (.data.StX)
                  202005f8    00000004     ST7735.o (.data.StY)
                  202005fc    00000004     libc.a : defs.c.obj (.data.__TI_ft_end)
                  20200600    00000004            : aeabi_portable.c.obj (.data.__aeabi_errno)
                  20200604    00000004            : _lock.c.obj (.data._lock)
                  20200608    00000004            : _lock.c.obj (.data._unlock)
                  2020060c    00000004     Lab9Main.o (.data.main.lastSW1)
                  20200610    00000004     Lab9Main.o (.data.main.lastSW3)
                  20200614    00000002     ST7735.o (.data.StTextColor)
                  20200616    00000002     ST7735.o (.data._height)
                  20200618    00000002     ST7735.o (.data._width)
                  2020061a    00000001     GameController.o (.data.GameState)
                  2020061b    00000001     --HOLE--
                  2020061c    00000001     libsysbm.a : add_device.c.obj (.data.add_device.device_init)
                  2020061d    00000003     --HOLE--
                  20200620    00000001     libc.a : memory.c.obj (.data.memory_is_initialized)
                  20200621    00000003     --HOLE--
                  20200624    00000001     libsysbm.a : open.c.obj (.data.open.stream_init)

.sysmem    0    20200628    00000200     UNINITIALIZED
                  20200628    00000010     libc.a : memory.c.obj (.sysmem)
                  20200638    000001f0     --HOLE--

.stack     0    20207e00    00000200     UNINITIALIZED
                  20207e00    00000004     libc.a : boot_cortex_m.c.obj (.stack)
                  20207e04    000001fc     --HOLE--

__llvm_prf_cnts 
*          0    20200000    00000000     UNINITIALIZED

__llvm_prf_bits 
*          0    20200000    00000000     UNINITIALIZED

MODULE SUMMARY

       Module                         code    ro data   rw data
       ------                         ----    -------   -------
    .\
       Sound.o                        220     7457      8      
       ST7735.o                       2738    1442      18     
       GameController.o               2126    0         565    
       Lab9Main.o                     1950    290       12     
       images.o                       0       1464      0      
       TExaS.o                        720     0         8      
       Clock.o                        516     0         4      
       SPI.o                          440     0         0      
       Timer.o                        316     0         0      
       ADC1.o                         204     0         0      
       LaunchPad.o                    196     0         0      
       FIFO1.o                        152     0         24     
       LED.o                          100     0         0      
       DAC5.o                         88      0         0      
       Switch.o                       72      0         0      
    +--+------------------------------+-------+---------+---------+
       Total:                         9838    10653     639    
                                                               
    .\ticlang\
       startup_mspm0g3507_ticlang.o   60      192       0      
    +--+------------------------------+-------+---------+---------+
       Total:                         60      192       0      
                                                               
    C:\ti\ccs2040\ccs\tools\compiler\ti-cgt-armllvm_4.0.4.LTS\lib\armv6m-ti-none-eabi/c/libc.a
       _printfi.c.obj                 4510    34        0      
       memory.c.obj                   702     0         5      
       fopen.c.obj                    556     0         0      
       defs.c.obj                     0       0         404    
       aeabi_ctype.S.obj              0       257       0      
       fputs.c.obj                    248     0         0      
       setvbuf.c.obj                  224     0         0      
       s_scalbn.c.obj                 216     0         0      
       getdevice.c.obj                160     0         0      
       fputc.c.obj                    156     0         0      
       strcmp-armv6m.S.obj            136     0         0      
       copy_decompress_lzss.c.obj     124     0         0      
       fclose.c.obj                   124     0         0      
       fseek.c.obj                    116     0         0      
       printf.c.obj                   108     0         0      
       _io_perm.c.obj                 100     0         0      
       s_frexp.c.obj                  92      0         0      
       _ltoa.c.obj                    88      0         0      
       fflush.c.obj                   82      0         0      
       exit.c.obj                     58      0         8      
       atoi.c.obj                     64      0         0      
       autoinit.c.obj                 60      0         0      
       boot_cortex_m.c.obj            40      0         0      
       memccpy.c.obj                  34      0         0      
       copy_decompress_none.c.obj     18      0         0      
       memcpy16.S.obj                 18      0         0      
       copy_zero_init.c.obj           16      0         0      
       wcslen.c.obj                   16      0         0      
       memset16.S.obj                 14      0         0      
       aeabi_portable.c.obj           8       0         4      
       _lock.c.obj                    2       0         8      
       pre_init.c.obj                 4       0         0      
    +--+------------------------------+-------+---------+---------+
       Total:                         8094    291       429    
                                                               
    C:\ti\ccs2040\ccs\tools\compiler\ti-cgt-armllvm_4.0.4.LTS\lib\armv6m-ti-none-eabi/c/libsysbm.a
       trgmsg.c.obj                   104     0         288    
       add_device.c.obj               236     0         1      
       host_device.c.obj              0       0         200    
       open.c.obj                     160     0         1      
       hostrename.c.obj               136     0         0      
       hostlseek.c.obj                108     0         0      
       hostopen.c.obj                 96      0         8      
       hostread.c.obj                 88      0         0      
       hostwrite.c.obj                88      0         0      
       close.c.obj                    80      0         0      
       hostclose.c.obj                72      0         0      
       hostunlink.c.obj               72      0         0      
       unlink.c.obj                   44      0         0      
       lseek.c.obj                    40      0         0      
       write.c.obj                    40      0         0      
       remove.c.obj                   8       0         0      
       hostexit.c.obj                 4       0         0      
    +--+------------------------------+-------+---------+---------+
       Total:                         1376    0         498    
                                                               
    C:\ti\ccs2040\ccs\tools\compiler\ti-cgt-armllvm_4.0.4.LTS\lib\armv6m-ti-none-eabi/libclang_rt.builtins.a
       adddf3.S.obj                   418     0         0      
       divdf3.S.obj                   268     0         0      
       muldf3.S.obj                   228     0         0      
       comparedf2.c.obj               220     0         0      
       udivmoddi4.S.obj               162     0         0      
       aeabi_dcmp.S.obj               98      0         0      
       aeabi_idivmod.S.obj            86      0         0      
       fixdfsi.S.obj                  74      0         0      
       aeabi_uidivmod.S.obj           64      0         0      
       muldsi3.S.obj                  58      0         0      
       floatsidf.S.obj                44      0         0      
       muldi3.S.obj                   36      0         0      
       ashldi3.S.obj                  30      0         0      
       aeabi_memset.S.obj             26      0         0      
       aeabi_uldivmod.S.obj           20      0         0      
       aeabi_memcpy.S.obj             8       0         0      
       aeabi_div0.c.obj               4       0         0      
    +--+------------------------------+-------+---------+---------+
       Total:                         1844    0         0      
                                                               
       Heap:                          0       0         512    
       Stack:                         0       0         512    
       Linker Generated:              0       152       0      
    +--+------------------------------+-------+---------+---------+
       Grand Total:                   21212   11288     2590   


LINKER GENERATED COPY TABLES

__TI_cinit_table @ 00007f08 records: 2, size/record: 8, table size: 16
	.data: load addr=00007e80, load size=00000074 bytes, run addr=20200408, run size=0000021d bytes, compression=lzss
	.bss: load addr=00007f00, load size=00000008 bytes, run addr=20200000, run size=00000408 bytes, compression=zero_init


LINKER GENERATED HANDLER TABLE

__TI_handler_table @ 00007ef4 records: 3, size/record: 4, table size: 12
	index: 0, handler: __TI_decompress_lzss
	index: 1, handler: __TI_decompress_none
	index: 2, handler: __TI_zero_init


FAR CALL TRAMPOLINES

callee name               trampoline name
   callee addr  tramp addr   call addr  call info
--------------  -----------  ---------  ----------------
__aeabi_dsub              $Tramp$TT$L$PI$$__aeabi_dsub
   00001efd     00005338     00005334   libc.a : _printfi.c.obj (.text.OUTLINED_FUNCTION_0)

[1 trampolines]
[1 trampoline calls]


GLOBAL SYMBOLS: SORTED ALPHABETICALLY BY Name 

address   name                          
-------   ----                          
000050e1  ADC0_IRQHandler               
000050e1  ADC1_IRQHandler               
0000247d  ADC_Init                      
00004ec9  ADC_Start                     
202005c8  ADCflag                       
00004899  ADCin                         
00003d61  ADCinit                       
000050e1  AES_IRQHandler                
00004b11  ActivatePortA_B               
202005cc  BombSpawnTimer                
202002b0  Bombs                         
20200120  Bullets                       
202005d0  BusFreq                       
00003adc  C$$EXIT                       
00004ce5  C$$IO$$                       
000050e1  CANFD0_IRQHandler             
000011c1  CheckCollisions               
00005239  Clock_Delay                   
00004b81  Clock_Delay1ms                
000052fd  Clock_Freq                    
000019f1  Clock_Init80MHz               
00005249  Convert                       
000050e1  DAC0_IRQHandler               
00004a5d  DAC5_Init                     
000050c5  DAC5_Out                      
000050e1  DMA_IRQHandler                
202005d4  DeathFlag                     
000050e1  Default_Handler               
00005259  Delay                         
00003e4d  DetectOverlap                 
000046dd  Fifo1_Get                     
00004729  Fifo1_Put                     
000050e1  GROUP0_IRQHandler             
000050e1  GROUP1_IRQHandler             
2020061a  GameState                     
202005d8  GameTime                      
00002091  Game_Init                     
000039cd  Game_Shoot                    
000027dd  Game_Spawn                    
0000341d  Game_Ult                      
00001ba5  Game_Update                   
000047c1  HOSTclose                     
00003add  HOSTexit                      
00003ec1  HOSTlseek                     
0000426d  HOSTopen                      
00004385  HOSTread                      
00003f2d  HOSTrename                    
00004809  HOSTunlink                    
000043dd  HOSTwrite                     
000050fd  HardFault_Handler             
202005dc  HighScore                     
000050e1  I2C0_IRQHandler               
000050e1  I2C1_IRQHandler               
00004bb5  LED_Init                      
00005151  LED_Off                       
00005169  LED_On                        
202005e0  Language                      
202005e4  LaserSpawnTimer               
20200328  Lasers                        
00003bed  LaunchPad_Init                
202005e8  M                             
00005119  MoveSubmarine                 
000050e1  NMI_Handler                   
00005353  PLL_Init                      
000050e1  PendSV_Handler                
202003a0  Player                        
000050e1  RTC_IRQHandler                
00005181  Random                        
00005029  Random32                      
000053a7  Reset_Handler                 
000050e1  SPI0_IRQHandler               
000050e1  SPI1_IRQHandler               
00002b11  SPI_Init                      
00004851  SPI_OutCommand                
00004b49  SPI_OutData                   
000048dd  SPI_Reset                     
00001605  ST7735_DrawBitmap             
00001d55  ST7735_DrawChar               
00003b69  ST7735_DrawString             
000026c5  ST7735_FillRect               
00004e19  ST7735_FillScreen             
00003769  ST7735_InitPrintf             
000038a1  ST7735_InitR                  
0000334d  ST7735_OutChar                
00004be9  ST7735_SetCursor              
00002d01  ST7735_SetRotation            
0000535d  ST7735_close                  
000052a7  ST7735_lseek                  
00005199  ST7735_open                   
000051af  ST7735_read                   
00005309  ST7735_rename                 
00005367  ST7735_unlink                 
00004c1d  ST7735_write                  
000050e1  SVC_Handler                   
202005ec  Score                         
202005f0  ShootFlag                     
202003ec  SoundCount                    
202003f0  SoundPt                       
00004ef1  Sound_Init                    
000051c5  Sound_Killed                  
000051d9  Sound_Shoot                   
00005049  Sound_Start                   
20200614  StTextColor                   
202005f4  StX                           
202005f8  StY                           
00005069  Switch_In                     
00004f19  Switch_Init                   
0000491d  SysTick_Handler               
00004e45  SysTick_IntArm                
202003f4  TExaSLogic                    
00004435  TExaS_Init                    
00005269  TExaS_LaunchPadLogicPB27PB26  
202003f8  TExaSadc                      
000050e1  TIMA0_IRQHandler              
000050e1  TIMA1_IRQHandler              
000050e1  TIMG0_IRQHandler              
00004595  TIMG12_IRQHandler             
000050e1  TIMG6_IRQHandler              
0000495d  TIMG7_IRQHandler              
000050e1  TIMG8_IRQHandler              
00005215  TI_memcpy_small               
000052ed  TI_memset_small               
00003939  TimerG12_IntArm               
000034d9  TimerG7_IntArm                
000050e1  UART0_IRQHandler              
000050e1  UART1_IRQHandler              
000050e1  UART2_IRQHandler              
000050e1  UART3_IRQHandler              
00002ee1  UART_Init                     
202003fc  UltCooldown                   
20200400  UltTimer                      
20200000  _CIOBUF_                      
20200000  __CIOBUF_                     
20208000  __STACK_END                   
00000200  __STACK_SIZE                  
00000200  __SYSMEM_SIZE                 
00000000  __TI_ATRegion0_region_sz      
00000000  __TI_ATRegion0_src_addr       
00000000  __TI_ATRegion0_trg_addr       
00000000  __TI_ATRegion1_region_sz      
00000000  __TI_ATRegion1_src_addr       
00000000  __TI_ATRegion1_trg_addr       
00000000  __TI_ATRegion2_region_sz      
00000000  __TI_ATRegion2_src_addr       
00000000  __TI_ATRegion2_trg_addr       
00007f08  __TI_CINIT_Base               
00007f18  __TI_CINIT_Limit              
00007f18  __TI_CINIT_Warm               
00007ef4  __TI_Handler_Table_Base       
00007f00  __TI_Handler_Table_Limit      
00004a99  __TI_auto_init_nobinit_nopinit
00004c51  __TI_cleanup                  
202005c0  __TI_cleanup_ptr              
00003c69  __TI_closefile                
00003ce5  __TI_decompress_lzss          
00005227  __TI_decompress_none          
000045e9  __TI_doflush                  
202005c4  __TI_dtors_ptr                
202005fc  __TI_ft_end                   
0000448d  __TI_ltoa                     
ffffffff  __TI_pprof_out_hndl           
000000c1  __TI_printfi                  
ffffffff  __TI_prof_data_size           
ffffffff  __TI_prof_data_start          
00004c85  __TI_readmsg                  
00000000  __TI_static_base__            
20200210  __TI_tmpnams                  
00004cb9  __TI_writemsg                 
0000413f  __TI_wrt_ok                   
00005289  __TI_zero_init                
00001f07  __adddf3                      
00007ab0  __aeabi_ctype_table_          
00007ab0  __aeabi_ctype_table_C         
00004775  __aeabi_d2iz                  
00001f07  __aeabi_dadd                  
00004209  __aeabi_dcmpeq                
00004245  __aeabi_dcmpge                
00004259  __aeabi_dcmpgt                
00004231  __aeabi_dcmple                
0000421d  __aeabi_dcmplt                
00002a05  __aeabi_ddiv                  
000030b1  __aeabi_dmul                  
00001efd  __aeabi_dsub                  
20200600  __aeabi_errno                 
00005371  __aeabi_errno_addr            
00004e71  __aeabi_i2d                   
0000453d  __aeabi_idiv                  
0000208f  __aeabi_idiv0                 
0000453d  __aeabi_idivmod               
00003623  __aeabi_ldiv0                 
00005089  __aeabi_llsl                  
00004fe1  __aeabi_lmul                  
00005315  __aeabi_memclr                
00005315  __aeabi_memclr4               
00005315  __aeabi_memclr8               
00005379  __aeabi_memcpy                
00005379  __aeabi_memcpy4               
00005379  __aeabi_memcpy8               
000052b5  __aeabi_memset                
000052b5  __aeabi_memset4               
000052b5  __aeabi_memset8               
0000499d  __aeabi_uidiv                 
0000499d  __aeabi_uidivmod              
000051ed  __aeabi_uldivmod              
00005089  __ashldi3                     
ffffffff  __binit__                     
00004071  __cmpdf2                      
00002a05  __divdf3                      
00004071  __eqdf2                       
00004775  __fixdfsi                     
00004e71  __floatsidf                   
00003dd9  __gedf2                       
00003dd9  __gtdf2                       
00004071  __ledf2                       
00004071  __ltdf2                       
UNDEFED   __mpu_init                    
000030b1  __muldf3                      
00004fe1  __muldi3                      
00004ad5  __muldsi3                     
00004071  __nedf2                       
20207e00  __stack                       
20200000  __start___llvm_prf_bits       
20200000  __start___llvm_prf_cnts       
20200000  __stop___llvm_prf_bits        
20200000  __stop___llvm_prf_cnts        
00001efd  __subdf3                      
00003625  __udivmoddi4                  
00004fb9  _c_int00_noargs               
202004f8  _device                       
20200408  _ftable                       
20200604  _lock                         
000036c7  _nop                          
20200570  _stream                       
20200628  _sys_memory                   
UNDEFED   _system_post_cinit            
000053ab  _system_pre_init              
20200608  _unlock                       
000053a1  abort                         
00002df5  add_device                    
000028f1  aligned_alloc                 
00004a1d  atoi                          
ffffffff  binit                         
00007bb2  bomb                          
00007df2  bullet                        
0000468d  close                         
00004ced  exit                          
00004d21  finddevice                    
00004de9  fopen                         
00003805  fputc                         
00002c09  fputs                         
00002fc9  free                          
00004d55  freopen                       
000042cd  frexp                         
000042cd  frexpl                        
00005391  fseek                         
00003f99  fseeko                        
00004005  getdevice                     
00000000  interruptVectors              
000063a0  invaderkilled                 
000075cc  lazer                         
00003275  ldexp                         
00003275  ldexpl                        
00004f69  lseek                         
00000a91  main                          
00005321  malloc                        
000028f1  memalign                      
00005005  memccpy                       
000036c9  open                          
202003d8  parmbuf                       
00004329  printf                        
00005399  remove                        
00003275  scalbn                        
00003275  scalbnl                       
00003195  setvbuf                       
000053b0  shoot                         
00003ae1  strcmp                        
0000798c  submarine                     
00004e9d  unlink                        
00005279  wcslen                        
00004f91  write                         


GLOBAL SYMBOLS: SORTED BY Symbol Address 

address   name                          
-------   ----                          
00000000  __TI_ATRegion0_region_sz      
00000000  __TI_ATRegion0_src_addr       
00000000  __TI_ATRegion0_trg_addr       
00000000  __TI_ATRegion1_region_sz      
00000000  __TI_ATRegion1_src_addr       
00000000  __TI_ATRegion1_trg_addr       
00000000  __TI_ATRegion2_region_sz      
00000000  __TI_ATRegion2_src_addr       
00000000  __TI_ATRegion2_trg_addr       
00000000  __TI_static_base__            
00000000  interruptVectors              
000000c1  __TI_printfi                  
00000200  __STACK_SIZE                  
00000200  __SYSMEM_SIZE                 
00000a91  main                          
000011c1  CheckCollisions               
00001605  ST7735_DrawBitmap             
000019f1  Clock_Init80MHz               
00001ba5  Game_Update                   
00001d55  ST7735_DrawChar               
00001efd  __aeabi_dsub                  
00001efd  __subdf3                      
00001f07  __adddf3                      
00001f07  __aeabi_dadd                  
0000208f  __aeabi_idiv0                 
00002091  Game_Init                     
0000247d  ADC_Init                      
000026c5  ST7735_FillRect               
000027dd  Game_Spawn                    
000028f1  aligned_alloc                 
000028f1  memalign                      
00002a05  __aeabi_ddiv                  
00002a05  __divdf3                      
00002b11  SPI_Init                      
00002c09  fputs                         
00002d01  ST7735_SetRotation            
00002df5  add_device                    
00002ee1  UART_Init                     
00002fc9  free                          
000030b1  __aeabi_dmul                  
000030b1  __muldf3                      
00003195  setvbuf                       
00003275  ldexp                         
00003275  ldexpl                        
00003275  scalbn                        
00003275  scalbnl                       
0000334d  ST7735_OutChar                
0000341d  Game_Ult                      
000034d9  TimerG7_IntArm                
00003623  __aeabi_ldiv0                 
00003625  __udivmoddi4                  
000036c7  _nop                          
000036c9  open                          
00003769  ST7735_InitPrintf             
00003805  fputc                         
000038a1  ST7735_InitR                  
00003939  TimerG12_IntArm               
000039cd  Game_Shoot                    
00003adc  C$$EXIT                       
00003add  HOSTexit                      
00003ae1  strcmp                        
00003b69  ST7735_DrawString             
00003bed  LaunchPad_Init                
00003c69  __TI_closefile                
00003ce5  __TI_decompress_lzss          
00003d61  ADCinit                       
00003dd9  __gedf2                       
00003dd9  __gtdf2                       
00003e4d  DetectOverlap                 
00003ec1  HOSTlseek                     
00003f2d  HOSTrename                    
00003f99  fseeko                        
00004005  getdevice                     
00004071  __cmpdf2                      
00004071  __eqdf2                       
00004071  __ledf2                       
00004071  __ltdf2                       
00004071  __nedf2                       
0000413f  __TI_wrt_ok                   
00004209  __aeabi_dcmpeq                
0000421d  __aeabi_dcmplt                
00004231  __aeabi_dcmple                
00004245  __aeabi_dcmpge                
00004259  __aeabi_dcmpgt                
0000426d  HOSTopen                      
000042cd  frexp                         
000042cd  frexpl                        
00004329  printf                        
00004385  HOSTread                      
000043dd  HOSTwrite                     
00004435  TExaS_Init                    
0000448d  __TI_ltoa                     
0000453d  __aeabi_idiv                  
0000453d  __aeabi_idivmod               
00004595  TIMG12_IRQHandler             
000045e9  __TI_doflush                  
0000468d  close                         
000046dd  Fifo1_Get                     
00004729  Fifo1_Put                     
00004775  __aeabi_d2iz                  
00004775  __fixdfsi                     
000047c1  HOSTclose                     
00004809  HOSTunlink                    
00004851  SPI_OutCommand                
00004899  ADCin                         
000048dd  SPI_Reset                     
0000491d  SysTick_Handler               
0000495d  TIMG7_IRQHandler              
0000499d  __aeabi_uidiv                 
0000499d  __aeabi_uidivmod              
00004a1d  atoi                          
00004a5d  DAC5_Init                     
00004a99  __TI_auto_init_nobinit_nopinit
00004ad5  __muldsi3                     
00004b11  ActivatePortA_B               
00004b49  SPI_OutData                   
00004b81  Clock_Delay1ms                
00004bb5  LED_Init                      
00004be9  ST7735_SetCursor              
00004c1d  ST7735_write                  
00004c51  __TI_cleanup                  
00004c85  __TI_readmsg                  
00004cb9  __TI_writemsg                 
00004ce5  C$$IO$$                       
00004ced  exit                          
00004d21  finddevice                    
00004d55  freopen                       
00004de9  fopen                         
00004e19  ST7735_FillScreen             
00004e45  SysTick_IntArm                
00004e71  __aeabi_i2d                   
00004e71  __floatsidf                   
00004e9d  unlink                        
00004ec9  ADC_Start                     
00004ef1  Sound_Init                    
00004f19  Switch_Init                   
00004f69  lseek                         
00004f91  write                         
00004fb9  _c_int00_noargs               
00004fe1  __aeabi_lmul                  
00004fe1  __muldi3                      
00005005  memccpy                       
00005029  Random32                      
00005049  Sound_Start                   
00005069  Switch_In                     
00005089  __aeabi_llsl                  
00005089  __ashldi3                     
000050c5  DAC5_Out                      
000050e1  ADC0_IRQHandler               
000050e1  ADC1_IRQHandler               
000050e1  AES_IRQHandler                
000050e1  CANFD0_IRQHandler             
000050e1  DAC0_IRQHandler               
000050e1  DMA_IRQHandler                
000050e1  Default_Handler               
000050e1  GROUP0_IRQHandler             
000050e1  GROUP1_IRQHandler             
000050e1  I2C0_IRQHandler               
000050e1  I2C1_IRQHandler               
000050e1  NMI_Handler                   
000050e1  PendSV_Handler                
000050e1  RTC_IRQHandler                
000050e1  SPI0_IRQHandler               
000050e1  SPI1_IRQHandler               
000050e1  SVC_Handler                   
000050e1  TIMA0_IRQHandler              
000050e1  TIMA1_IRQHandler              
000050e1  TIMG0_IRQHandler              
000050e1  TIMG6_IRQHandler              
000050e1  TIMG8_IRQHandler              
000050e1  UART0_IRQHandler              
000050e1  UART1_IRQHandler              
000050e1  UART2_IRQHandler              
000050e1  UART3_IRQHandler              
000050fd  HardFault_Handler             
00005119  MoveSubmarine                 
00005151  LED_Off                       
00005169  LED_On                        
00005181  Random                        
00005199  ST7735_open                   
000051af  ST7735_read                   
000051c5  Sound_Killed                  
000051d9  Sound_Shoot                   
000051ed  __aeabi_uldivmod              
00005215  TI_memcpy_small               
00005227  __TI_decompress_none          
00005239  Clock_Delay                   
00005249  Convert                       
00005259  Delay                         
00005269  TExaS_LaunchPadLogicPB27PB26  
00005279  wcslen                        
00005289  __TI_zero_init                
000052a7  ST7735_lseek                  
000052b5  __aeabi_memset                
000052b5  __aeabi_memset4               
000052b5  __aeabi_memset8               
000052ed  TI_memset_small               
000052fd  Clock_Freq                    
00005309  ST7735_rename                 
00005315  __aeabi_memclr                
00005315  __aeabi_memclr4               
00005315  __aeabi_memclr8               
00005321  malloc                        
00005353  PLL_Init                      
0000535d  ST7735_close                  
00005367  ST7735_unlink                 
00005371  __aeabi_errno_addr            
00005379  __aeabi_memcpy                
00005379  __aeabi_memcpy4               
00005379  __aeabi_memcpy8               
00005391  fseek                         
00005399  remove                        
000053a1  abort                         
000053a7  Reset_Handler                 
000053ab  _system_pre_init              
000053b0  shoot                         
000063a0  invaderkilled                 
000075cc  lazer                         
0000798c  submarine                     
00007ab0  __aeabi_ctype_table_          
00007ab0  __aeabi_ctype_table_C         
00007bb2  bomb                          
00007df2  bullet                        
00007ef4  __TI_Handler_Table_Base       
00007f00  __TI_Handler_Table_Limit      
00007f08  __TI_CINIT_Base               
00007f18  __TI_CINIT_Limit              
00007f18  __TI_CINIT_Warm               
20200000  _CIOBUF_                      
20200000  __CIOBUF_                     
20200000  __start___llvm_prf_bits       
20200000  __start___llvm_prf_cnts       
20200000  __stop___llvm_prf_bits        
20200000  __stop___llvm_prf_cnts        
20200120  Bullets                       
20200210  __TI_tmpnams                  
202002b0  Bombs                         
20200328  Lasers                        
202003a0  Player                        
202003d8  parmbuf                       
202003ec  SoundCount                    
202003f0  SoundPt                       
202003f4  TExaSLogic                    
202003f8  TExaSadc                      
202003fc  UltCooldown                   
20200400  UltTimer                      
20200408  _ftable                       
202004f8  _device                       
20200570  _stream                       
202005c0  __TI_cleanup_ptr              
202005c4  __TI_dtors_ptr                
202005c8  ADCflag                       
202005cc  BombSpawnTimer                
202005d0  BusFreq                       
202005d4  DeathFlag                     
202005d8  GameTime                      
202005dc  HighScore                     
202005e0  Language                      
202005e4  LaserSpawnTimer               
202005e8  M                             
202005ec  Score                         
202005f0  ShootFlag                     
202005f4  StX                           
202005f8  StY                           
202005fc  __TI_ft_end                   
20200600  __aeabi_errno                 
20200604  _lock                         
20200608  _unlock                       
20200614  StTextColor                   
2020061a  GameState                     
20200628  _sys_memory                   
20207e00  __stack                       
20208000  __STACK_END                   
ffffffff  __TI_pprof_out_hndl           
ffffffff  __TI_prof_data_size           
ffffffff  __TI_prof_data_start          
ffffffff  __binit__                     
ffffffff  binit                         
UNDEFED   __mpu_init                    
UNDEFED   _system_post_cinit            

[280 symbols]
